2026-08-23 15:34:40.050 INFO  [kafka-producer-network-thread | microservice-producer-producer-1] o.apache.kafka.clients.NetworkClient - [Producer clientId=microservice-producer-producer-1] Node 1 disconnected.
2026-08-23 15:34:58.634 WARN  [HikariPool-1:housekeeper] com.zaxxer.hikari.pool.HikariPool - HikariPool-1 - Thread starvation or clock leap detected (housekeeper delta=15h36m47s885ms899µs1ns).
2026-08-23 15:37:33.825 WARN  [HikariPool-1:housekeeper] com.zaxxer.hikari.pool.HikariPool - HikariPool-1 - Thread starvation or clock leap detected (housekeeper delta=2m43s364ms689µs).
2026-08-23 15:40:17.780 TRACE [http-nio-8081-exec-3] o.s.security.web.FilterChainProxy - Trying to match request against DefaultSecurityFilterChain defined as 'securityFilterChain' in [class path resource [com/kafka/microservice_producer/config/SecurityConfig.class]] matching [any request] and having filters [DisableEncodeUrl, WebAsyncManagerIntegration, SecurityContextHolder, HeaderWriter, Logout, BasicAuthentication, RequestCacheAware, SecurityContextHolderAwareRequest, AnonymousAuthentication, ExceptionTranslation, Authorization] (1/1)
2026-08-23 15:40:17.783 DEBUG [http-nio-8081-exec-3] o.s.security.web.FilterChainProxy - Securing GET /user-json-meta
2026-08-23 15:40:17.783 TRACE [http-nio-8081-exec-3] o.s.security.web.FilterChainProxy - Invoking DisableEncodeUrlFilter (1/11)
2026-08-23 15:40:17.783 TRACE [http-nio-8081-exec-3] o.s.security.web.FilterChainProxy - Invoking WebAsyncManagerIntegrationFilter (2/11)
2026-08-23 15:40:17.784 TRACE [http-nio-8081-exec-3] o.s.security.web.FilterChainProxy - Invoking SecurityContextHolderFilter (3/11)
2026-08-23 15:40:17.785 TRACE [http-nio-8081-exec-3] o.s.security.web.FilterChainProxy - Invoking HeaderWriterFilter (4/11)
2026-08-23 15:40:17.785 TRACE [http-nio-8081-exec-3] o.s.security.web.FilterChainProxy - Invoking LogoutFilter (5/11)
2026-08-23 15:40:17.786 TRACE [http-nio-8081-exec-3] o.s.s.w.a.logout.LogoutFilter - Did not match request to Or [PathPattern [GET /logout], PathPattern [POST /logout], PathPattern [PUT /logout], PathPattern [DELETE /logout]]
2026-08-23 15:40:17.786 TRACE [http-nio-8081-exec-3] o.s.security.web.FilterChainProxy - Invoking BasicAuthenticationFilter (6/11)
2026-08-23 15:40:17.788 TRACE [http-nio-8081-exec-3] o.s.s.w.a.w.BasicAuthenticationFilter - Found username 'testt01021990@gmail.com' in Basic Authorization header
2026-08-23 15:40:17.788 TRACE [http-nio-8081-exec-3] o.s.s.w.c.HttpSessionSecurityContextRepository - No HttpSession currently exists
2026-08-23 15:40:17.788 TRACE [http-nio-8081-exec-3] o.s.s.w.c.SupplierDeferredSecurityContext - Created SecurityContextImpl [Null authentication]
2026-08-23 15:40:17.788 TRACE [http-nio-8081-exec-3] o.s.s.w.c.SupplierDeferredSecurityContext - Created SecurityContextImpl [Null authentication]
2026-08-23 15:40:17.788 TRACE [http-nio-8081-exec-3] o.s.s.authentication.ProviderManager - Authenticating request with DaoAuthenticationProvider (1/1)
2026-08-23 15:40:18.056 DEBUG [http-nio-8081-exec-3] o.s.s.a.d.DaoAuthenticationProvider - Authenticated user
2026-08-23 15:40:18.056 DEBUG [http-nio-8081-exec-3] o.s.s.w.a.w.BasicAuthenticationFilter - Set SecurityContextHolder to UsernamePasswordAuthenticationToken [Principal=com.kafka.microservice_producer.model.User@3812d6e, Credentials=[PROTECTED], Authenticated=true, Details=WebAuthenticationDetails [RemoteIpAddress=0:0:0:0:0:0:0:1, SessionId=null], Granted Authorities=[com.kafka.microservice_producer.model.Authorities@55bbe908, FactorGrantedAuthority [authority=FACTOR_PASSWORD, issuedAt=2026-08-23T10:10:18.056015500Z]]]
2026-08-23 15:40:18.056 TRACE [http-nio-8081-exec-3] o.s.security.web.FilterChainProxy - Invoking RequestCacheAwareFilter (7/11)
2026-08-23 15:40:18.056 TRACE [http-nio-8081-exec-3] o.s.s.w.s.HttpSessionRequestCache - matchingRequestParameterName is required for getMatchingRequest to lookup a value, but not provided
2026-08-23 15:40:18.056 TRACE [http-nio-8081-exec-3] o.s.security.web.FilterChainProxy - Invoking SecurityContextHolderAwareRequestFilter (8/11)
2026-08-23 15:40:18.056 TRACE [http-nio-8081-exec-3] o.s.security.web.FilterChainProxy - Invoking AnonymousAuthenticationFilter (9/11)
2026-08-23 15:40:18.056 TRACE [http-nio-8081-exec-3] o.s.security.web.FilterChainProxy - Invoking ExceptionTranslationFilter (10/11)
2026-08-23 15:40:18.056 TRACE [http-nio-8081-exec-3] o.s.security.web.FilterChainProxy - Invoking AuthorizationFilter (11/11)
2026-08-23 15:40:18.056 TRACE [http-nio-8081-exec-3] o.s.s.w.a.i.RequestMatcherDelegatingAuthorizationManager - Authorizing GET /user-json-meta
2026-08-23 15:40:18.056 TRACE [http-nio-8081-exec-3] o.s.s.w.a.i.RequestMatcherDelegatingAuthorizationManager - Checking authorization on GET /user-json-meta using AuthorityAuthorizationManager[authorities=[ROLE_USER, ROLE_ADMIN]]
2026-08-23 15:40:18.056 TRACE [http-nio-8081-exec-3] o.s.s.w.a.AnonymousAuthenticationFilter - Did not set SecurityContextHolder since already authenticated UsernamePasswordAuthenticationToken [Principal=com.kafka.microservice_producer.model.User@3812d6e, Credentials=[PROTECTED], Authenticated=true, Details=WebAuthenticationDetails [RemoteIpAddress=0:0:0:0:0:0:0:1, SessionId=null], Granted Authorities=[com.kafka.microservice_producer.model.Authorities@55bbe908, FactorGrantedAuthority [authority=FACTOR_PASSWORD, issuedAt=2026-08-23T10:10:18.056015500Z]]]
2026-08-23 15:40:18.056 DEBUG [http-nio-8081-exec-3] o.s.security.web.FilterChainProxy - Secured GET /user-json-meta
2026-08-23 15:40:18.056 TRACE [http-nio-8081-exec-3] o.s.web.servlet.DispatcherServlet - GET "/user-json-meta", parameters={}, headers={masked} in DispatcherServlet 'dispatcherServlet'
2026-08-23 15:40:18.071 TRACE [http-nio-8081-exec-3] o.s.w.s.m.m.a.RequestMappingHandlerMapping - Mapped to com.kafka.microservice_producer.controller.UserResource#getUser()
2026-08-23 15:40:18.073 TRACE [http-nio-8081-exec-3] o.s.web.method.HandlerMethod - Arguments: []
2026-08-23 15:40:18.089 DEBUG [http-nio-8081-exec-3] o.s.w.s.m.m.a.RequestResponseBodyMethodProcessor - Using 'application/json', given [*/*] and supported [application/json, application/*+json, application/yaml]
2026-08-23 15:40:18.089 TRACE [http-nio-8081-exec-3] o.s.w.s.m.m.a.RequestResponseBodyMethodProcessor - Writing [com.kafka.microservice_producer.dto.ResponseDTO@382f521c]
2026-08-23 15:40:18.117 TRACE [http-nio-8081-exec-3] o.s.w.s.m.m.a.RequestMappingHandlerAdapter - Applying default cacheSeconds=-1
2026-08-23 15:40:18.117 TRACE [http-nio-8081-exec-3] o.s.web.servlet.DispatcherServlet - No view rendering, null ModelAndView returned.
2026-08-23 15:40:18.117 DEBUG [http-nio-8081-exec-3] o.s.web.servlet.DispatcherServlet - Completed 200 OK, headers={masked}
2026-08-23 15:40:18.117 TRACE [http-nio-8081-exec-3] o.s.s.w.h.writers.HstsHeaderWriter - Not injecting HSTS header since it did not match request to [Is Secure]
2026-08-23 15:41:10.786 TRACE [http-nio-8081-exec-4] o.s.security.web.FilterChainProxy - Trying to match request against DefaultSecurityFilterChain defined as 'securityFilterChain' in [class path resource [com/kafka/microservice_producer/config/SecurityConfig.class]] matching [any request] and having filters [DisableEncodeUrl, WebAsyncManagerIntegration, SecurityContextHolder, HeaderWriter, Logout, BasicAuthentication, RequestCacheAware, SecurityContextHolderAwareRequest, AnonymousAuthentication, ExceptionTranslation, Authorization] (1/1)
2026-08-23 15:41:10.786 DEBUG [http-nio-8081-exec-4] o.s.security.web.FilterChainProxy - Securing GET /person/all
2026-08-23 15:41:10.786 TRACE [http-nio-8081-exec-4] o.s.security.web.FilterChainProxy - Invoking DisableEncodeUrlFilter (1/11)
2026-08-23 15:41:10.786 TRACE [http-nio-8081-exec-4] o.s.security.web.FilterChainProxy - Invoking WebAsyncManagerIntegrationFilter (2/11)
2026-08-23 15:41:10.788 TRACE [http-nio-8081-exec-4] o.s.security.web.FilterChainProxy - Invoking SecurityContextHolderFilter (3/11)
2026-08-23 15:41:10.788 TRACE [http-nio-8081-exec-4] o.s.security.web.FilterChainProxy - Invoking HeaderWriterFilter (4/11)
2026-08-23 15:41:10.788 TRACE [http-nio-8081-exec-4] o.s.security.web.FilterChainProxy - Invoking LogoutFilter (5/11)
2026-08-23 15:41:10.789 TRACE [http-nio-8081-exec-4] o.s.s.w.a.logout.LogoutFilter - Did not match request to Or [PathPattern [GET /logout], PathPattern [POST /logout], PathPattern [PUT /logout], PathPattern [DELETE /logout]]
2026-08-23 15:41:10.789 TRACE [http-nio-8081-exec-4] o.s.security.web.FilterChainProxy - Invoking BasicAuthenticationFilter (6/11)
2026-08-23 15:41:10.789 TRACE [http-nio-8081-exec-4] o.s.s.w.a.w.BasicAuthenticationFilter - Found username 'testt01021990@gmail.com' in Basic Authorization header
2026-08-23 15:41:10.789 TRACE [http-nio-8081-exec-4] o.s.s.w.c.HttpSessionSecurityContextRepository - No HttpSession currently exists
2026-08-23 15:41:10.789 TRACE [http-nio-8081-exec-4] o.s.s.w.c.SupplierDeferredSecurityContext - Created SecurityContextImpl [Null authentication]
2026-08-23 15:41:10.789 TRACE [http-nio-8081-exec-4] o.s.s.w.c.SupplierDeferredSecurityContext - Created SecurityContextImpl [Null authentication]
2026-08-23 15:41:10.789 TRACE [http-nio-8081-exec-4] o.s.s.authentication.ProviderManager - Authenticating request with DaoAuthenticationProvider (1/1)
2026-08-23 15:41:10.973 DEBUG [http-nio-8081-exec-4] o.s.s.a.d.DaoAuthenticationProvider - Authenticated user
2026-08-23 15:41:10.973 DEBUG [http-nio-8081-exec-4] o.s.s.w.a.w.BasicAuthenticationFilter - Set SecurityContextHolder to UsernamePasswordAuthenticationToken [Principal=com.kafka.microservice_producer.model.User@12626fc1, Credentials=[PROTECTED], Authenticated=true, Details=WebAuthenticationDetails [RemoteIpAddress=0:0:0:0:0:0:0:1, SessionId=null], Granted Authorities=[com.kafka.microservice_producer.model.Authorities@39f9af97, FactorGrantedAuthority [authority=FACTOR_PASSWORD, issuedAt=2026-08-23T10:11:10.973372300Z]]]
2026-08-23 15:41:10.973 TRACE [http-nio-8081-exec-4] o.s.security.web.FilterChainProxy - Invoking RequestCacheAwareFilter (7/11)
2026-08-23 15:41:10.973 TRACE [http-nio-8081-exec-4] o.s.s.w.s.HttpSessionRequestCache - matchingRequestParameterName is required for getMatchingRequest to lookup a value, but not provided
2026-08-23 15:41:10.973 TRACE [http-nio-8081-exec-4] o.s.security.web.FilterChainProxy - Invoking SecurityContextHolderAwareRequestFilter (8/11)
2026-08-23 15:41:10.973 TRACE [http-nio-8081-exec-4] o.s.security.web.FilterChainProxy - Invoking AnonymousAuthenticationFilter (9/11)
2026-08-23 15:41:10.973 TRACE [http-nio-8081-exec-4] o.s.security.web.FilterChainProxy - Invoking ExceptionTranslationFilter (10/11)
2026-08-23 15:41:10.973 TRACE [http-nio-8081-exec-4] o.s.security.web.FilterChainProxy - Invoking AuthorizationFilter (11/11)
2026-08-23 15:41:10.973 TRACE [http-nio-8081-exec-4] o.s.s.w.a.i.RequestMatcherDelegatingAuthorizationManager - Authorizing GET /person/all
2026-08-23 15:41:10.973 TRACE [http-nio-8081-exec-4] o.s.s.w.a.i.RequestMatcherDelegatingAuthorizationManager - Checking authorization on GET /person/all using AuthorityAuthorizationManager[authorities=[ROLE_USER, ROLE_ADMIN]]
2026-08-23 15:41:10.973 TRACE [http-nio-8081-exec-4] o.s.s.w.a.AnonymousAuthenticationFilter - Did not set SecurityContextHolder since already authenticated UsernamePasswordAuthenticationToken [Principal=com.kafka.microservice_producer.model.User@12626fc1, Credentials=[PROTECTED], Authenticated=true, Details=WebAuthenticationDetails [RemoteIpAddress=0:0:0:0:0:0:0:1, SessionId=null], Granted Authorities=[com.kafka.microservice_producer.model.Authorities@39f9af97, FactorGrantedAuthority [authority=FACTOR_PASSWORD, issuedAt=2026-08-23T10:11:10.973372300Z]]]
2026-08-23 15:41:10.973 DEBUG [http-nio-8081-exec-4] o.s.security.web.FilterChainProxy - Secured GET /person/all
2026-08-23 15:41:10.973 TRACE [http-nio-8081-exec-4] o.s.web.servlet.DispatcherServlet - GET "/person/all", parameters={}, headers={masked} in DispatcherServlet 'dispatcherServlet'
2026-08-23 15:41:10.973 TRACE [http-nio-8081-exec-4] o.s.w.s.m.m.a.RequestMappingHandlerMapping - Mapped to com.kafka.microservice_producer.controller.PersonResource#getAll()
2026-08-23 15:41:10.973 TRACE [http-nio-8081-exec-4] o.s.web.method.HandlerMethod - Arguments: []
2026-08-23 15:41:11.108 DEBUG [http-nio-8081-exec-4] o.s.w.s.m.m.a.RequestResponseBodyMethodProcessor - Using 'application/json', given [*/*] and supported [application/json, application/*+json, application/yaml]
2026-08-23 15:41:11.108 TRACE [http-nio-8081-exec-4] o.s.w.s.m.m.a.RequestResponseBodyMethodProcessor - Writing [com.kafka.microservice_producer.dto.ResponseDTO@2a0ffc4c]
2026-08-23 15:41:11.126 TRACE [http-nio-8081-exec-4] o.s.w.s.m.m.a.RequestMappingHandlerAdapter - Applying default cacheSeconds=-1
2026-08-23 15:41:11.126 TRACE [http-nio-8081-exec-4] o.s.web.servlet.DispatcherServlet - No view rendering, null ModelAndView returned.
2026-08-23 15:41:11.126 DEBUG [http-nio-8081-exec-4] o.s.web.servlet.DispatcherServlet - Completed 200 OK, headers={masked}
2026-08-23 15:41:11.126 TRACE [http-nio-8081-exec-4] o.s.s.w.h.writers.HstsHeaderWriter - Not injecting HSTS header since it did not match request to [Is Secure]
2026-08-23 16:37:23.701 INFO  [main] c.k.m.MicroserviceProducerApplication - Starting MicroserviceProducerApplication using Java 17.0.12 with PID 11736 (D:\Project Development\My-github\spring-boot-microservices-kafka-integration\microservice-producer\target\classes started by Vishnu Katpure in D:\Project Development\My-github\spring-boot-microservices-kafka-integration\microservice-producer)
2026-08-23 16:37:23.705 INFO  [main] c.k.m.MicroserviceProducerApplication - No active profile set, falling back to 1 default profile: "default"
2026-08-23 16:37:23.984 INFO  [background-preinit] o.h.validator.internal.util.Version - HV000001: Hibernate Validator 9.1.0.Final
2026-08-23 16:37:24.319 INFO  [main] o.s.d.r.c.RepositoryConfigurationDelegate - Bootstrapping Spring Data JPA repositories in DEFAULT mode.
2026-08-23 16:37:24.357 INFO  [main] o.s.d.r.c.RepositoryConfigurationDelegate - Finished Spring Data repository scanning in 31 ms. Found 4 JPA repository interfaces.
2026-08-23 16:37:24.766 INFO  [main] o.s.boot.tomcat.TomcatWebServer - Tomcat initialized with port 8081 (http)
2026-08-23 16:37:24.776 INFO  [main] o.a.coyote.http11.Http11NioProtocol - Initializing ProtocolHandler ["http-nio-8081"]
2026-08-23 16:37:24.777 INFO  [main] o.a.catalina.core.StandardService - Starting service [Tomcat]
2026-08-23 16:37:24.777 INFO  [main] o.a.catalina.core.StandardEngine - Starting Servlet engine: [Apache Tomcat/11.0.22]
2026-08-23 16:37:24.835 INFO  [main] o.s.b.w.c.s.WebApplicationContextInitializer - Root WebApplicationContext: initialization completed in 1085 ms
2026-08-23 16:37:24.948 INFO  [main] org.hibernate.orm.jpa - HHH008540: Processing PersistenceUnitInfo [name: default]
2026-08-23 16:37:24.980 INFO  [main] org.hibernate.orm.core - HHH000001: Hibernate ORM core version 7.4.1.Final
2026-08-23 16:37:25.229 INFO  [main] o.s.o.j.p.SpringPersistenceUnitInfo - No LoadTimeWeaver setup: ignoring JPA class transformer
2026-08-23 16:37:25.249 INFO  [main] com.zaxxer.hikari.HikariDataSource - HikariPool-1 - Starting...
2026-08-23 16:37:25.347 INFO  [main] com.zaxxer.hikari.pool.HikariPool - HikariPool-1 - Added connection com.mysql.cj.jdbc.ConnectionImpl@4dd752e8
2026-08-23 16:37:25.348 INFO  [main] com.zaxxer.hikari.HikariDataSource - HikariPool-1 - Start completed.
2026-08-23 16:37:25.381 WARN  [main] org.hibernate.orm.deprecation - HHH90000025: MySQLDialect does not need to be specified explicitly using 'hibernate.dialect' (remove the property setting and it will be selected by default)
2026-08-23 16:37:25.392 INFO  [main] o.hibernate.orm.connections.pooling - HHH10001005: Database info:
	Database JDBC URL [jdbc:mysql://localhost:3306/demo?useSSL=false&serverTimezone=UTC]
	Database driver: MySQL Connector/J
	Database dialect: MySQLDialect
	Database version: 8.0.15
	Default catalog/schema: demo/undefined
	Autocommit mode: undefined/unknown
	Isolation level: REPEATABLE_READ [default REPEATABLE_READ]
	JDBC fetch size: none
	Pool: DataSourceConnectionProvider
	Minimum pool size: undefined/unknown
	Maximum pool size: undefined/unknown
2026-08-23 16:37:25.993 INFO  [main] org.hibernate.orm.core - HHH000489: No JTA platform available (set 'hibernate.transaction.jta.platform' to enable JTA platform integration)
2026-08-23 16:37:26.059 INFO  [main] o.s.o.j.LocalContainerEntityManagerFactoryBean - Initialized JPA EntityManagerFactory for persistence unit 'default'
2026-08-23 16:37:26.109 INFO  [main] o.s.d.j.r.q.QueryEnhancerFactories - Hibernate is in classpath; If applicable, HQL parser will be used.
2026-08-23 16:37:26.398 WARN  [main] o.s.b.j.a.JpaBaseConfiguration$JpaWebConfiguration - spring.jpa.open-in-view is enabled by default. Therefore, database queries may be performed during view rendering. Explicitly configure spring.jpa.open-in-view to disable this warning
2026-08-23 16:37:26.455 TRACE [main] o.s.s.c.a.a.c.AuthenticationConfiguration$EnableGlobalAuthenticationAutowiredConfigurer - Eagerly initializing {org.springframework.boot.security.autoconfigure.web.servlet.ServletWebSecurityAutoConfiguration$EnableWebSecurityConfiguration=org.springframework.boot.security.autoconfigure.web.servlet.ServletWebSecurityAutoConfiguration$EnableWebSecurityConfiguration@7937f96e}
2026-08-23 16:37:26.456 INFO  [main] o.s.s.c.a.a.c.InitializeAuthenticationProviderBeanManagerConfigurer$InitializeAuthenticationProviderManagerConfigurer - Global AuthenticationManager configured with AuthenticationProvider bean with name authenticationProvider
2026-08-23 16:37:26.457 WARN  [main] o.s.s.c.a.a.c.InitializeUserDetailsBeanManagerConfigurer$InitializeUserDetailsManagerConfigurer - Global AuthenticationManager configured with an AuthenticationProvider bean. UserDetailsService beans will not be used by Spring Security for automatically configuring username/password login. Consider removing the AuthenticationProvider bean. Alternatively, consider using the UserDetailsService in a manually instantiated DaoAuthenticationProvider. If the current configuration is intentional, to turn off this warning, increase the logging level of 'org.springframework.security.config.annotation.authentication.configuration.InitializeUserDetailsBeanManagerConfigurer' to ERROR
2026-08-23 16:37:26.546 DEBUG [main] o.s.s.web.DefaultSecurityFilterChain - Will secure any request with filters: DisableEncodeUrlFilter, WebAsyncManagerIntegrationFilter, SecurityContextHolderFilter, HeaderWriterFilter, LogoutFilter, BasicAuthenticationFilter, RequestCacheAwareFilter, SecurityContextHolderAwareRequestFilter, AnonymousAuthenticationFilter, ExceptionTranslationFilter, AuthorizationFilter
2026-08-23 16:37:26.608 TRACE [main] o.s.w.s.m.m.a.RequestMappingHandlerMapping - 
	c.k.m.c.l.LoginController:
	{GET [/get-token]}: getToken()
	{GET [/]}: welcomePage()
	{GET [/home]}: homePage()
	{GET [/logout]}: logoutPage(HttpServletRequest,HttpServletResponse)
	{GET [/login]}: loginPage(String,String,HttpServletRequest)
2026-08-23 16:37:26.617 TRACE [main] o.s.w.s.m.m.a.RequestMappingHandlerMapping - 
	c.k.m.c.PersonResource:
	{GET [/person/all]}: getAll()
	{GET [/person/{id}]}: getAllUsers(Long)
	{POST [/person]}: insertPersone(PersonDTO)
	{DELETE [/person/{id}]}: deletePerson(Long)
	{PUT [/person]}: updatePerson(PersonDTO)
	{GET [/person/personByName/{name}]}: getPersoneByName(String)
	{GET [/person/aop/testing/{type}]}: aopTesting(String)
2026-08-23 16:37:26.622 TRACE [main] o.s.w.s.m.m.a.RequestMappingHandlerMapping - 
	c.k.m.c.UserResource:
	{GET [/user-info/{userId}]}: getUser(String)
	{GET [/user-json-meta]}: getUser()
	{POST [/create-user]}: createUser(UserDTO)
2026-08-23 16:37:26.625 TRACE [main] o.s.w.s.m.m.a.RequestMappingHandlerMapping - 
	o.s.b.w.a.e.BasicErrorController:
	{ [/error]}: error(HttpServletRequest)
	{ [/error], produces [text/html]}: errorHtml(HttpServletRequest,HttpServletResponse)
2026-08-23 16:37:26.637 TRACE [main] o.s.w.s.m.m.a.RequestMappingHandlerMapping - 
	o.s.w.a.OpenApiWebMvcResource:
	{GET [/v3/api-docs.yaml], produces [application/vnd.oai.openapi]}: openapiYaml(HttpServletRequest,String,Locale)
	{GET [/v3/api-docs], produces [application/json]}: openapiJson(HttpServletRequest,String,Locale)
2026-08-23 16:37:26.639 TRACE [main] o.s.w.s.m.m.a.RequestMappingHandlerMapping - 
	o.s.w.u.SwaggerWelcomeWebMvc:
	{GET [/swagger-ui.html]}: redirectToUi(HttpServletRequest)
2026-08-23 16:37:26.640 TRACE [main] o.s.w.s.m.m.a.RequestMappingHandlerMapping - 
	o.s.w.u.SwaggerConfigResource:
	{GET [/v3/api-docs/swagger-config], produces [application/json]}: openapiJson(HttpServletRequest)
2026-08-23 16:37:26.643 DEBUG [main] o.s.w.s.m.m.a.RequestMappingHandlerMapping - 21 mappings in 'requestMappingHandlerMapping'
2026-08-23 16:37:26.647 DEBUG [main] o.s.w.s.h.BeanNameUrlHandlerMapping - Detected 0 mappings in 'beanNameHandlerMapping'
2026-08-23 16:37:26.652 TRACE [main] o.s.w.s.f.s.RouterFunctionMapping - 0 RouterFunction(s) in 'routerFunctionMapping'
2026-08-23 16:37:26.664 TRACE [main] o.s.w.s.h.SimpleUrlHandlerMapping - Mapped [/webjars/**] onto ResourceHttpRequestHandler [classpath [META-INF/resources/webjars/]]
2026-08-23 16:37:26.665 TRACE [main] o.s.w.s.h.SimpleUrlHandlerMapping - Mapped [/**] onto ResourceHttpRequestHandler [classpath [META-INF/resources/], classpath [resources/], classpath [static/], classpath [public/], ServletContext [/]]
2026-08-23 16:37:26.665 TRACE [main] o.s.w.s.h.SimpleUrlHandlerMapping - Mapped [/swagger-ui*/*swagger-initializer.js] onto ResourceHttpRequestHandler [classpath [META-INF/resources/webjars/]]
2026-08-23 16:37:26.665 TRACE [main] o.s.w.s.h.SimpleUrlHandlerMapping - Mapped [/swagger-ui*/**] onto ResourceHttpRequestHandler [classpath [META-INF/resources/webjars/]]
2026-08-23 16:37:26.666 DEBUG [main] o.s.w.s.h.SimpleUrlHandlerMapping - Patterns [/webjars/**, /**, /swagger-ui*/*swagger-initializer.js, /swagger-ui*/**] in 'resourceHandlerMapping'
2026-08-23 16:37:26.690 DEBUG [main] o.s.w.s.m.m.a.RequestMappingHandlerAdapter - ControllerAdvice beans: 0 @ModelAttribute, 0 @InitBinder, 2 RequestBodyAdvice, 1 ResponseBodyAdvice
2026-08-23 16:37:26.725 DEBUG [main] o.s.w.s.m.m.a.ExceptionHandlerExceptionResolver - ControllerAdvice beans: 2 @ExceptionHandler, 1 ResponseBodyAdvice
2026-08-23 16:37:26.889 INFO  [main] o.a.coyote.http11.Http11NioProtocol - Starting ProtocolHandler ["http-nio-8081"]
2026-08-23 16:37:26.903 INFO  [main] o.s.boot.tomcat.TomcatWebServer - Tomcat started on port 8081 (http) with context path '/'
2026-08-23 16:37:26.909 INFO  [main] c.k.m.MicroserviceProducerApplication - Started MicroserviceProducerApplication in 3.721 seconds (process running for 4.069)
2026-08-23 16:38:12.379 INFO  [http-nio-8081-exec-1] o.a.c.c.C.[Tomcat].[localhost].[/] - Initializing Spring DispatcherServlet 'dispatcherServlet'
2026-08-23 16:38:12.379 INFO  [http-nio-8081-exec-1] o.s.web.servlet.DispatcherServlet - Initializing Servlet 'dispatcherServlet'
2026-08-23 16:38:12.380 TRACE [http-nio-8081-exec-1] o.s.web.servlet.DispatcherServlet - Detected org.springframework.web.multipart.support.StandardServletMultipartResolver@5188c0f2
2026-08-23 16:38:12.381 TRACE [http-nio-8081-exec-1] o.s.web.servlet.DispatcherServlet - Detected org.springframework.web.servlet.i18n.AcceptHeaderLocaleResolver@3b75b7b4
2026-08-23 16:38:12.383 TRACE [http-nio-8081-exec-1] o.s.web.servlet.DispatcherServlet - Detected DefaultRequestToViewNameTranslator
2026-08-23 16:38:12.384 TRACE [http-nio-8081-exec-1] o.s.web.servlet.DispatcherServlet - Detected SessionFlashMapManager
2026-08-23 16:38:12.385 DEBUG [http-nio-8081-exec-1] o.s.web.servlet.DispatcherServlet - enableLoggingRequestDetails='false': request parameters and headers will be masked to prevent unsafe logging of potentially sensitive data
2026-08-23 16:38:12.385 INFO  [http-nio-8081-exec-1] o.s.web.servlet.DispatcherServlet - Completed initialization in 5 ms
2026-08-23 16:38:12.394 TRACE [http-nio-8081-exec-1] o.s.security.web.FilterChainProxy - Trying to match request against DefaultSecurityFilterChain defined as 'securityFilterChain' in [class path resource [com/kafka/microservice_producer/config/SecurityConfig.class]] matching [any request] and having filters [DisableEncodeUrl, WebAsyncManagerIntegration, SecurityContextHolder, HeaderWriter, Logout, BasicAuthentication, RequestCacheAware, SecurityContextHolderAwareRequest, AnonymousAuthentication, ExceptionTranslation, Authorization] (1/1)
2026-08-23 16:38:12.408 DEBUG [http-nio-8081-exec-1] o.s.security.web.FilterChainProxy - Securing POST /person
2026-08-23 16:38:12.410 TRACE [http-nio-8081-exec-1] o.s.security.web.FilterChainProxy - Invoking DisableEncodeUrlFilter (1/11)
2026-08-23 16:38:12.410 TRACE [http-nio-8081-exec-1] o.s.security.web.FilterChainProxy - Invoking WebAsyncManagerIntegrationFilter (2/11)
2026-08-23 16:38:12.412 TRACE [http-nio-8081-exec-1] o.s.security.web.FilterChainProxy - Invoking SecurityContextHolderFilter (3/11)
2026-08-23 16:38:12.412 TRACE [http-nio-8081-exec-1] o.s.security.web.FilterChainProxy - Invoking HeaderWriterFilter (4/11)
2026-08-23 16:38:12.412 TRACE [http-nio-8081-exec-1] o.s.security.web.FilterChainProxy - Invoking LogoutFilter (5/11)
2026-08-23 16:38:12.412 TRACE [http-nio-8081-exec-1] o.s.s.w.a.logout.LogoutFilter - Did not match request to Or [PathPattern [GET /logout], PathPattern [POST /logout], PathPattern [PUT /logout], PathPattern [DELETE /logout]]
2026-08-23 16:38:12.412 TRACE [http-nio-8081-exec-1] o.s.security.web.FilterChainProxy - Invoking BasicAuthenticationFilter (6/11)
2026-08-23 16:38:12.427 TRACE [http-nio-8081-exec-1] o.s.s.w.a.w.BasicAuthenticationFilter - Found username 'testt01021990@gmail.com' in Basic Authorization header
2026-08-23 16:38:12.427 TRACE [http-nio-8081-exec-1] o.s.s.w.c.HttpSessionSecurityContextRepository - No HttpSession currently exists
2026-08-23 16:38:12.427 TRACE [http-nio-8081-exec-1] o.s.s.w.c.SupplierDeferredSecurityContext - Created SecurityContextImpl [Null authentication]
2026-08-23 16:38:12.427 TRACE [http-nio-8081-exec-1] o.s.s.w.c.SupplierDeferredSecurityContext - Created SecurityContextImpl [Null authentication]
2026-08-23 16:38:12.427 TRACE [http-nio-8081-exec-1] o.s.s.authentication.ProviderManager - Authenticating request with DaoAuthenticationProvider (1/1)
2026-08-23 16:38:13.458 DEBUG [http-nio-8081-exec-1] o.s.s.a.d.DaoAuthenticationProvider - Authenticated user
2026-08-23 16:38:13.459 DEBUG [http-nio-8081-exec-1] o.s.s.w.a.w.BasicAuthenticationFilter - Set SecurityContextHolder to UsernamePasswordAuthenticationToken [Principal=com.kafka.microservice_producer.model.User@79cd64cd, Credentials=[PROTECTED], Authenticated=true, Details=WebAuthenticationDetails [RemoteIpAddress=0:0:0:0:0:0:0:1, SessionId=null], Granted Authorities=[com.kafka.microservice_producer.model.Authorities@31f02817, FactorGrantedAuthority [authority=FACTOR_PASSWORD, issuedAt=2026-08-23T11:08:13.458830500Z]]]
2026-08-23 16:38:13.459 TRACE [http-nio-8081-exec-1] o.s.security.web.FilterChainProxy - Invoking RequestCacheAwareFilter (7/11)
2026-08-23 16:38:13.459 TRACE [http-nio-8081-exec-1] o.s.s.w.s.HttpSessionRequestCache - matchingRequestParameterName is required for getMatchingRequest to lookup a value, but not provided
2026-08-23 16:38:13.459 TRACE [http-nio-8081-exec-1] o.s.security.web.FilterChainProxy - Invoking SecurityContextHolderAwareRequestFilter (8/11)
2026-08-23 16:38:13.459 TRACE [http-nio-8081-exec-1] o.s.security.web.FilterChainProxy - Invoking AnonymousAuthenticationFilter (9/11)
2026-08-23 16:38:13.459 TRACE [http-nio-8081-exec-1] o.s.security.web.FilterChainProxy - Invoking ExceptionTranslationFilter (10/11)
2026-08-23 16:38:13.459 TRACE [http-nio-8081-exec-1] o.s.security.web.FilterChainProxy - Invoking AuthorizationFilter (11/11)
2026-08-23 16:38:13.459 TRACE [http-nio-8081-exec-1] o.s.s.w.a.i.RequestMatcherDelegatingAuthorizationManager - Authorizing POST /person
2026-08-23 16:38:13.459 TRACE [http-nio-8081-exec-1] o.s.s.w.a.i.RequestMatcherDelegatingAuthorizationManager - Checking authorization on POST /person using AuthorityAuthorizationManager[authorities=[ROLE_ADMIN, ROLE_USER]]
2026-08-23 16:38:13.459 TRACE [http-nio-8081-exec-1] o.s.s.w.a.AnonymousAuthenticationFilter - Did not set SecurityContextHolder since already authenticated UsernamePasswordAuthenticationToken [Principal=com.kafka.microservice_producer.model.User@79cd64cd, Credentials=[PROTECTED], Authenticated=true, Details=WebAuthenticationDetails [RemoteIpAddress=0:0:0:0:0:0:0:1, SessionId=null], Granted Authorities=[com.kafka.microservice_producer.model.Authorities@31f02817, FactorGrantedAuthority [authority=FACTOR_PASSWORD, issuedAt=2026-08-23T11:08:13.458830500Z]]]
2026-08-23 16:38:13.459 DEBUG [http-nio-8081-exec-1] o.s.security.web.FilterChainProxy - Secured POST /person
2026-08-23 16:38:13.476 TRACE [http-nio-8081-exec-1] o.s.web.servlet.DispatcherServlet - POST "/person", parameters={}, headers={masked} in DispatcherServlet 'dispatcherServlet'
2026-08-23 16:38:13.492 TRACE [http-nio-8081-exec-1] o.s.w.s.m.m.a.RequestMappingHandlerMapping - Mapped to com.kafka.microservice_producer.controller.PersonResource#insertPersone(PersonDTO)
2026-08-23 16:38:13.692 TRACE [http-nio-8081-exec-1] o.s.w.s.m.m.a.RequestResponseBodyMethodProcessor - Read "application/json;charset=UTF-8" to [com.kafka.microservice_producer.dto.PersonDTO@3487690c]
2026-08-23 16:38:13.709 TRACE [http-nio-8081-exec-1] o.s.web.method.HandlerMethod - Arguments: [com.kafka.microservice_producer.dto.PersonDTO@3487690c]
2026-08-23 16:38:13.908 INFO  [http-nio-8081-exec-1] o.a.k.common.config.AbstractConfig - ProducerConfig values: 
	acks = -1
	batch.size = 16384
	bootstrap.servers = [localhost:9092]
	buffer.memory = 33554432
	client.dns.lookup = use_all_dns_ips
	client.id = microservice-producer-producer-1
	compression.gzip.level = -1
	compression.lz4.level = 9
	compression.type = none
	compression.zstd.level = 3
	config.providers = []
	connections.max.idle.ms = 540000
	delivery.timeout.ms = 120000
	enable.idempotence = true
	enable.metrics.push = true
	interceptor.classes = []
	key.serializer = class org.apache.kafka.common.serialization.LongSerializer
	linger.ms = 5
	max.block.ms = 60000
	max.in.flight.requests.per.connection = 5
	max.request.size = 1048576
	metadata.max.age.ms = 300000
	metadata.max.idle.ms = 300000
	metadata.recovery.rebootstrap.trigger.ms = 300000
	metadata.recovery.strategy = rebootstrap
	metric.reporters = [org.apache.kafka.common.metrics.JmxReporter]
	metrics.num.samples = 2
	metrics.recording.level = INFO
	metrics.sample.window.ms = 30000
	partitioner.adaptive.partitioning.enable = true
	partitioner.availability.timeout.ms = 0
	partitioner.class = null
	partitioner.ignore.keys = false
	receive.buffer.bytes = 32768
	reconnect.backoff.max.ms = 1000
	reconnect.backoff.ms = 50
	request.timeout.ms = 30000
	retries = 2147483647
	retry.backoff.max.ms = 1000
	retry.backoff.ms = 100
	sasl.client.callback.handler.class = null
	sasl.jaas.config = null
	sasl.kerberos.kinit.cmd = /usr/bin/kinit
	sasl.kerberos.min.time.before.relogin = 60000
	sasl.kerberos.service.name = null
	sasl.kerberos.ticket.renew.jitter = 0.05
	sasl.kerberos.ticket.renew.window.factor = 0.8
	sasl.login.callback.handler.class = null
	sasl.login.class = null
	sasl.login.connect.timeout.ms = null
	sasl.login.read.timeout.ms = null
	sasl.login.refresh.buffer.seconds = 300
	sasl.login.refresh.min.period.seconds = 60
	sasl.login.refresh.window.factor = 0.8
	sasl.login.refresh.window.jitter = 0.05
	sasl.login.retry.backoff.max.ms = 10000
	sasl.login.retry.backoff.ms = 100
	sasl.mechanism = GSSAPI
	sasl.oauthbearer.assertion.algorithm = RS256
	sasl.oauthbearer.assertion.claim.aud = null
	sasl.oauthbearer.assertion.claim.exp.seconds = 300
	sasl.oauthbearer.assertion.claim.iss = null
	sasl.oauthbearer.assertion.claim.jti.include = false
	sasl.oauthbearer.assertion.claim.nbf.seconds = 60
	sasl.oauthbearer.assertion.claim.sub = null
	sasl.oauthbearer.assertion.file = null
	sasl.oauthbearer.assertion.private.key.file = null
	sasl.oauthbearer.assertion.private.key.passphrase = null
	sasl.oauthbearer.assertion.template.file = null
	sasl.oauthbearer.client.credentials.client.id = null
	sasl.oauthbearer.client.credentials.client.secret = null
	sasl.oauthbearer.clock.skew.seconds = 30
	sasl.oauthbearer.expected.audience = []
	sasl.oauthbearer.expected.issuer = null
	sasl.oauthbearer.header.urlencode = false
	sasl.oauthbearer.jwks.endpoint.refresh.ms = 3600000
	sasl.oauthbearer.jwks.endpoint.retry.backoff.max.ms = 10000
	sasl.oauthbearer.jwks.endpoint.retry.backoff.ms = 100
	sasl.oauthbearer.jwks.endpoint.url = null
	sasl.oauthbearer.jwt.retriever.class = class org.apache.kafka.common.security.oauthbearer.DefaultJwtRetriever
	sasl.oauthbearer.jwt.validator.class = class org.apache.kafka.common.security.oauthbearer.DefaultJwtValidator
	sasl.oauthbearer.scope = null
	sasl.oauthbearer.scope.claim.name = scope
	sasl.oauthbearer.sub.claim.name = sub
	sasl.oauthbearer.token.endpoint.url = null
	security.protocol = PLAINTEXT
	security.providers = null
	send.buffer.bytes = 131072
	socket.connection.setup.timeout.max.ms = 30000
	socket.connection.setup.timeout.ms = 10000
	ssl.cipher.suites = []
	ssl.enabled.protocols = [TLSv1.2, TLSv1.3]
	ssl.endpoint.identification.algorithm = https
	ssl.engine.factory.class = null
	ssl.key.password = null
	ssl.keymanager.algorithm = SunX509
	ssl.keystore.certificate.chain = null
	ssl.keystore.key = null
	ssl.keystore.location = null
	ssl.keystore.password = null
	ssl.keystore.type = JKS
	ssl.protocol = TLSv1.3
	ssl.provider = null
	ssl.secure.random.implementation = null
	ssl.trustmanager.algorithm = PKIX
	ssl.truststore.certificates = null
	ssl.truststore.location = null
	ssl.truststore.password = null
	ssl.truststore.type = JKS
	transaction.timeout.ms = 60000
	transaction.two.phase.commit.enable = false
	transactional.id = null
	value.serializer = class org.springframework.kafka.support.serializer.JsonSerializer

2026-08-23 16:38:13.958 INFO  [http-nio-8081-exec-1] o.a.k.c.t.i.KafkaMetricsCollector - initializing Kafka metrics collector
2026-08-23 16:38:14.016 INFO  [http-nio-8081-exec-1] o.a.k.clients.producer.KafkaProducer - [Producer clientId=microservice-producer-producer-1] Instantiated an idempotent producer.
2026-08-23 16:38:14.075 INFO  [http-nio-8081-exec-1] o.a.kafka.common.utils.AppInfoParser - Kafka version: 4.2.1
2026-08-23 16:38:14.075 INFO  [http-nio-8081-exec-1] o.a.kafka.common.utils.AppInfoParser - Kafka commitId: 92f61c44867f39dc
2026-08-23 16:38:14.075 INFO  [http-nio-8081-exec-1] o.a.kafka.common.utils.AppInfoParser - Kafka startTimeMs: 1787483294075
2026-08-23 16:38:14.724 INFO  [kafka-producer-network-thread | microservice-producer-producer-1] org.apache.kafka.clients.Metadata - [Producer clientId=microservice-producer-producer-1] Cluster ID: zMZJNlcGTb62vJDRC71YTw
2026-08-23 16:38:14.741 INFO  [kafka-producer-network-thread | microservice-producer-producer-1] o.a.k.c.p.i.TransactionManager - [Producer clientId=microservice-producer-producer-1] ProducerId set to 2 with epoch 0
2026-08-23 16:38:14.842 DEBUG [http-nio-8081-exec-1] o.s.w.s.m.m.a.RequestResponseBodyMethodProcessor - Using 'application/json', given [*/*] and supported [application/json, application/*+json, application/yaml]
2026-08-23 16:38:14.842 TRACE [http-nio-8081-exec-1] o.s.w.s.m.m.a.RequestResponseBodyMethodProcessor - Writing [com.kafka.microservice_producer.dto.ResponseDTO@1128a3f4]
2026-08-23 16:38:14.908 TRACE [http-nio-8081-exec-1] o.s.w.s.m.m.a.RequestMappingHandlerAdapter - Applying default cacheSeconds=-1
2026-08-23 16:38:14.908 TRACE [http-nio-8081-exec-1] o.s.web.servlet.DispatcherServlet - No view rendering, null ModelAndView returned.
2026-08-23 16:38:14.908 DEBUG [http-nio-8081-exec-1] o.s.web.servlet.DispatcherServlet - Completed 200 OK, headers={masked}
2026-08-23 16:38:14.908 TRACE [http-nio-8081-exec-1] o.s.s.w.h.writers.HstsHeaderWriter - Not injecting HSTS header since it did not match request to [Is Secure]
2026-08-23 16:39:13.700 INFO  [RMI TCP Connection(4)-10.59.249.245] o.s.b.a.SpringApplicationAdminMXBeanRegistrar$SpringApplicationAdmin - Application shutdown requested.
2026-08-23 16:39:13.703 INFO  [RMI TCP Connection(4)-10.59.249.245] o.s.boot.tomcat.GracefulShutdown - Commencing graceful shutdown. Waiting for active requests to complete
2026-08-23 16:39:13.704 INFO  [tomcat-shutdown] o.a.coyote.http11.Http11NioProtocol - Pausing ProtocolHandler ["http-nio-8081"]
2026-08-23 16:39:13.742 INFO  [tomcat-shutdown] o.s.boot.tomcat.GracefulShutdown - Graceful shutdown complete
2026-08-23 16:39:13.742 INFO  [RMI TCP Connection(4)-10.59.249.245] o.a.coyote.http11.Http11NioProtocol - Stopping ProtocolHandler ["http-nio-8081"]
2026-08-23 16:39:13.744 INFO  [RMI TCP Connection(4)-10.59.249.245] o.a.k.clients.producer.KafkaProducer - [Producer clientId=microservice-producer-producer-1] Closing the Kafka producer with timeoutMillis = 30000 ms.
2026-08-23 16:39:13.748 INFO  [RMI TCP Connection(4)-10.59.249.245] o.a.kafka.common.metrics.Metrics - Metrics scheduler closed
2026-08-23 16:39:13.748 INFO  [RMI TCP Connection(4)-10.59.249.245] o.a.kafka.common.metrics.Metrics - Closing reporter org.apache.kafka.common.metrics.JmxReporter
2026-08-23 16:39:13.748 INFO  [RMI TCP Connection(4)-10.59.249.245] o.a.kafka.common.metrics.Metrics - Closing reporter org.apache.kafka.common.telemetry.internals.ClientTelemetryReporter
2026-08-23 16:39:13.748 INFO  [RMI TCP Connection(4)-10.59.249.245] o.a.kafka.common.metrics.Metrics - Metrics reporters closed
2026-08-23 16:39:13.749 INFO  [RMI TCP Connection(4)-10.59.249.245] o.a.kafka.common.utils.AppInfoParser - App info kafka.producer for microservice-producer-producer-1 unregistered
2026-08-23 16:39:13.751 INFO  [RMI TCP Connection(4)-10.59.249.245] o.s.o.j.LocalContainerEntityManagerFactoryBean - Closing JPA EntityManagerFactory for persistence unit 'default'
2026-08-23 16:39:13.753 INFO  [RMI TCP Connection(4)-10.59.249.245] com.zaxxer.hikari.HikariDataSource - HikariPool-1 - Shutdown initiated...
2026-08-23 16:39:13.757 INFO  [RMI TCP Connection(4)-10.59.249.245] com.zaxxer.hikari.HikariDataSource - HikariPool-1 - Shutdown completed.
2026-08-23 16:42:06.072 INFO  [main] c.k.m.MicroserviceProducerApplication - Starting MicroserviceProducerApplication using Java 17.0.12 with PID 13380 (D:\Project Development\My-github\spring-boot-microservices-kafka-integration\microservice-producer\target\classes started by Vishnu Katpure in D:\Project Development\My-github\spring-boot-microservices-kafka-integration\microservice-producer)
2026-08-23 16:42:06.075 INFO  [main] c.k.m.MicroserviceProducerApplication - No active profile set, falling back to 1 default profile: "default"
2026-08-23 16:42:06.312 INFO  [background-preinit] o.h.validator.internal.util.Version - HV000001: Hibernate Validator 9.1.0.Final
2026-08-23 16:42:06.593 INFO  [main] o.s.d.r.c.RepositoryConfigurationDelegate - Bootstrapping Spring Data JPA repositories in DEFAULT mode.
2026-08-23 16:42:06.628 INFO  [main] o.s.d.r.c.RepositoryConfigurationDelegate - Finished Spring Data repository scanning in 29 ms. Found 4 JPA repository interfaces.
2026-08-23 16:42:06.974 INFO  [main] o.s.boot.tomcat.TomcatWebServer - Tomcat initialized with port 8081 (http)
2026-08-23 16:42:06.983 INFO  [main] o.a.coyote.http11.Http11NioProtocol - Initializing ProtocolHandler ["http-nio-8081"]
2026-08-23 16:42:06.984 INFO  [main] o.a.catalina.core.StandardService - Starting service [Tomcat]
2026-08-23 16:42:06.985 INFO  [main] o.a.catalina.core.StandardEngine - Starting Servlet engine: [Apache Tomcat/11.0.22]
2026-08-23 16:42:07.043 INFO  [main] o.s.b.w.c.s.WebApplicationContextInitializer - Root WebApplicationContext: initialization completed in 932 ms
2026-08-23 16:42:07.174 INFO  [main] org.hibernate.orm.jpa - HHH008540: Processing PersistenceUnitInfo [name: default]
2026-08-23 16:42:07.206 INFO  [main] org.hibernate.orm.core - HHH000001: Hibernate ORM core version 7.4.1.Final
2026-08-23 16:42:07.478 INFO  [main] o.s.o.j.p.SpringPersistenceUnitInfo - No LoadTimeWeaver setup: ignoring JPA class transformer
2026-08-23 16:42:07.499 INFO  [main] com.zaxxer.hikari.HikariDataSource - HikariPool-1 - Starting...
2026-08-23 16:42:07.611 INFO  [main] com.zaxxer.hikari.pool.HikariPool - HikariPool-1 - Added connection com.mysql.cj.jdbc.ConnectionImpl@33ccead
2026-08-23 16:42:07.612 INFO  [main] com.zaxxer.hikari.HikariDataSource - HikariPool-1 - Start completed.
2026-08-23 16:42:07.651 WARN  [main] org.hibernate.orm.deprecation - HHH90000025: MySQLDialect does not need to be specified explicitly using 'hibernate.dialect' (remove the property setting and it will be selected by default)
2026-08-23 16:42:07.661 INFO  [main] o.hibernate.orm.connections.pooling - HHH10001005: Database info:
	Database JDBC URL [jdbc:mysql://localhost:3306/demo?useSSL=false&serverTimezone=UTC]
	Database driver: MySQL Connector/J
	Database dialect: MySQLDialect
	Database version: 8.0.15
	Default catalog/schema: demo/undefined
	Autocommit mode: undefined/unknown
	Isolation level: REPEATABLE_READ [default REPEATABLE_READ]
	JDBC fetch size: none
	Pool: DataSourceConnectionProvider
	Minimum pool size: undefined/unknown
	Maximum pool size: undefined/unknown
2026-08-23 16:42:08.294 INFO  [main] org.hibernate.orm.core - HHH000489: No JTA platform available (set 'hibernate.transaction.jta.platform' to enable JTA platform integration)
2026-08-23 16:42:08.351 INFO  [main] o.s.o.j.LocalContainerEntityManagerFactoryBean - Initialized JPA EntityManagerFactory for persistence unit 'default'
2026-08-23 16:42:08.401 INFO  [main] o.s.d.j.r.q.QueryEnhancerFactories - Hibernate is in classpath; If applicable, HQL parser will be used.
2026-08-23 16:42:08.694 WARN  [main] o.s.b.j.a.JpaBaseConfiguration$JpaWebConfiguration - spring.jpa.open-in-view is enabled by default. Therefore, database queries may be performed during view rendering. Explicitly configure spring.jpa.open-in-view to disable this warning
2026-08-23 16:42:08.745 TRACE [main] o.s.s.c.a.a.c.AuthenticationConfiguration$EnableGlobalAuthenticationAutowiredConfigurer - Eagerly initializing {org.springframework.boot.security.autoconfigure.web.servlet.ServletWebSecurityAutoConfiguration$EnableWebSecurityConfiguration=org.springframework.boot.security.autoconfigure.web.servlet.ServletWebSecurityAutoConfiguration$EnableWebSecurityConfiguration@297da2c3}
2026-08-23 16:42:08.746 INFO  [main] o.s.s.c.a.a.c.InitializeAuthenticationProviderBeanManagerConfigurer$InitializeAuthenticationProviderManagerConfigurer - Global AuthenticationManager configured with AuthenticationProvider bean with name authenticationProvider
2026-08-23 16:42:08.746 WARN  [main] o.s.s.c.a.a.c.InitializeUserDetailsBeanManagerConfigurer$InitializeUserDetailsManagerConfigurer - Global AuthenticationManager configured with an AuthenticationProvider bean. UserDetailsService beans will not be used by Spring Security for automatically configuring username/password login. Consider removing the AuthenticationProvider bean. Alternatively, consider using the UserDetailsService in a manually instantiated DaoAuthenticationProvider. If the current configuration is intentional, to turn off this warning, increase the logging level of 'org.springframework.security.config.annotation.authentication.configuration.InitializeUserDetailsBeanManagerConfigurer' to ERROR
2026-08-23 16:42:08.835 DEBUG [main] o.s.s.web.DefaultSecurityFilterChain - Will secure any request with filters: DisableEncodeUrlFilter, WebAsyncManagerIntegrationFilter, SecurityContextHolderFilter, HeaderWriterFilter, LogoutFilter, BasicAuthenticationFilter, RequestCacheAwareFilter, SecurityContextHolderAwareRequestFilter, AnonymousAuthenticationFilter, ExceptionTranslationFilter, AuthorizationFilter
2026-08-23 16:42:08.896 TRACE [main] o.s.w.s.m.m.a.RequestMappingHandlerMapping - 
	c.k.m.c.l.LoginController:
	{GET [/get-token]}: getToken()
	{GET [/login]}: loginPage(String,String,HttpServletRequest)
	{GET [/home]}: homePage()
	{GET [/logout]}: logoutPage(HttpServletRequest,HttpServletResponse)
	{GET [/]}: welcomePage()
2026-08-23 16:42:08.904 TRACE [main] o.s.w.s.m.m.a.RequestMappingHandlerMapping - 
	c.k.m.c.PersonResource:
	{GET [/person/all]}: getAll()
	{GET [/person/{id}]}: getAllUsers(Long)
	{GET [/person/personByName/{name}]}: getPersoneByName(String)
	{GET [/person/aop/testing/{type}]}: aopTesting(String)
	{DELETE [/person/{id}]}: deletePerson(Long)
	{PUT [/person]}: updatePerson(PersonDTO)
	{POST [/person]}: insertPersone(PersonDTO)
2026-08-23 16:42:08.908 TRACE [main] o.s.w.s.m.m.a.RequestMappingHandlerMapping - 
	c.k.m.c.UserResource:
	{GET [/user-info/{userId}]}: getUser(String)
	{GET [/user-json-meta]}: getUser()
	{POST [/create-user]}: createUser(UserDTO)
2026-08-23 16:42:08.912 TRACE [main] o.s.w.s.m.m.a.RequestMappingHandlerMapping - 
	o.s.b.w.a.e.BasicErrorController:
	{ [/error]}: error(HttpServletRequest)
	{ [/error], produces [text/html]}: errorHtml(HttpServletRequest,HttpServletResponse)
2026-08-23 16:42:08.923 TRACE [main] o.s.w.s.m.m.a.RequestMappingHandlerMapping - 
	o.s.w.a.OpenApiWebMvcResource:
	{GET [/v3/api-docs], produces [application/json]}: openapiJson(HttpServletRequest,String,Locale)
	{GET [/v3/api-docs.yaml], produces [application/vnd.oai.openapi]}: openapiYaml(HttpServletRequest,String,Locale)
2026-08-23 16:42:08.926 TRACE [main] o.s.w.s.m.m.a.RequestMappingHandlerMapping - 
	o.s.w.u.SwaggerWelcomeWebMvc:
	{GET [/swagger-ui.html]}: redirectToUi(HttpServletRequest)
2026-08-23 16:42:08.927 TRACE [main] o.s.w.s.m.m.a.RequestMappingHandlerMapping - 
	o.s.w.u.SwaggerConfigResource:
	{GET [/v3/api-docs/swagger-config], produces [application/json]}: openapiJson(HttpServletRequest)
2026-08-23 16:42:08.929 DEBUG [main] o.s.w.s.m.m.a.RequestMappingHandlerMapping - 21 mappings in 'requestMappingHandlerMapping'
2026-08-23 16:42:08.935 DEBUG [main] o.s.w.s.h.BeanNameUrlHandlerMapping - Detected 0 mappings in 'beanNameHandlerMapping'
2026-08-23 16:42:08.939 TRACE [main] o.s.w.s.f.s.RouterFunctionMapping - 0 RouterFunction(s) in 'routerFunctionMapping'
2026-08-23 16:42:08.951 TRACE [main] o.s.w.s.h.SimpleUrlHandlerMapping - Mapped [/webjars/**] onto ResourceHttpRequestHandler [classpath [META-INF/resources/webjars/]]
2026-08-23 16:42:08.951 TRACE [main] o.s.w.s.h.SimpleUrlHandlerMapping - Mapped [/**] onto ResourceHttpRequestHandler [classpath [META-INF/resources/], classpath [resources/], classpath [static/], classpath [public/], ServletContext [/]]
2026-08-23 16:42:08.951 TRACE [main] o.s.w.s.h.SimpleUrlHandlerMapping - Mapped [/swagger-ui*/*swagger-initializer.js] onto ResourceHttpRequestHandler [classpath [META-INF/resources/webjars/]]
2026-08-23 16:42:08.952 TRACE [main] o.s.w.s.h.SimpleUrlHandlerMapping - Mapped [/swagger-ui*/**] onto ResourceHttpRequestHandler [classpath [META-INF/resources/webjars/]]
2026-08-23 16:42:08.952 DEBUG [main] o.s.w.s.h.SimpleUrlHandlerMapping - Patterns [/webjars/**, /**, /swagger-ui*/*swagger-initializer.js, /swagger-ui*/**] in 'resourceHandlerMapping'
2026-08-23 16:42:08.975 DEBUG [main] o.s.w.s.m.m.a.RequestMappingHandlerAdapter - ControllerAdvice beans: 0 @ModelAttribute, 0 @InitBinder, 2 RequestBodyAdvice, 1 ResponseBodyAdvice
2026-08-23 16:42:09.008 DEBUG [main] o.s.w.s.m.m.a.ExceptionHandlerExceptionResolver - ControllerAdvice beans: 2 @ExceptionHandler, 1 ResponseBodyAdvice
2026-08-23 16:42:09.164 INFO  [main] o.a.coyote.http11.Http11NioProtocol - Starting ProtocolHandler ["http-nio-8081"]
2026-08-23 16:42:09.176 INFO  [main] o.s.boot.tomcat.TomcatWebServer - Tomcat started on port 8081 (http) with context path '/'
2026-08-23 16:42:09.182 INFO  [main] c.k.m.MicroserviceProducerApplication - Started MicroserviceProducerApplication in 3.536 seconds (process running for 3.794)
2026-08-23 16:43:10.152 INFO  [http-nio-8081-exec-1] o.a.c.c.C.[Tomcat].[localhost].[/] - Initializing Spring DispatcherServlet 'dispatcherServlet'
2026-08-23 16:43:10.152 INFO  [http-nio-8081-exec-1] o.s.web.servlet.DispatcherServlet - Initializing Servlet 'dispatcherServlet'
2026-08-23 16:43:10.152 TRACE [http-nio-8081-exec-1] o.s.web.servlet.DispatcherServlet - Detected org.springframework.web.multipart.support.StandardServletMultipartResolver@64c009b8
2026-08-23 16:43:10.152 TRACE [http-nio-8081-exec-1] o.s.web.servlet.DispatcherServlet - Detected org.springframework.web.servlet.i18n.AcceptHeaderLocaleResolver@892f1fa
2026-08-23 16:43:10.154 TRACE [http-nio-8081-exec-1] o.s.web.servlet.DispatcherServlet - Detected DefaultRequestToViewNameTranslator
2026-08-23 16:43:10.154 TRACE [http-nio-8081-exec-1] o.s.web.servlet.DispatcherServlet - Detected SessionFlashMapManager
2026-08-23 16:43:10.154 DEBUG [http-nio-8081-exec-1] o.s.web.servlet.DispatcherServlet - enableLoggingRequestDetails='false': request parameters and headers will be masked to prevent unsafe logging of potentially sensitive data
2026-08-23 16:43:10.154 INFO  [http-nio-8081-exec-1] o.s.web.servlet.DispatcherServlet - Completed initialization in 2 ms
2026-08-23 16:43:10.176 TRACE [http-nio-8081-exec-1] o.s.security.web.FilterChainProxy - Trying to match request against DefaultSecurityFilterChain defined as 'securityFilterChain' in [class path resource [com/kafka/microservice_producer/config/SecurityConfig.class]] matching [any request] and having filters [DisableEncodeUrl, WebAsyncManagerIntegration, SecurityContextHolder, HeaderWriter, Logout, BasicAuthentication, RequestCacheAware, SecurityContextHolderAwareRequest, AnonymousAuthentication, ExceptionTranslation, Authorization] (1/1)
2026-08-23 16:43:10.178 DEBUG [http-nio-8081-exec-1] o.s.security.web.FilterChainProxy - Securing POST /person
2026-08-23 16:43:10.180 TRACE [http-nio-8081-exec-1] o.s.security.web.FilterChainProxy - Invoking DisableEncodeUrlFilter (1/11)
2026-08-23 16:43:10.180 TRACE [http-nio-8081-exec-1] o.s.security.web.FilterChainProxy - Invoking WebAsyncManagerIntegrationFilter (2/11)
2026-08-23 16:43:10.185 TRACE [http-nio-8081-exec-1] o.s.security.web.FilterChainProxy - Invoking SecurityContextHolderFilter (3/11)
2026-08-23 16:43:10.188 TRACE [http-nio-8081-exec-1] o.s.security.web.FilterChainProxy - Invoking HeaderWriterFilter (4/11)
2026-08-23 16:43:10.191 TRACE [http-nio-8081-exec-1] o.s.security.web.FilterChainProxy - Invoking LogoutFilter (5/11)
2026-08-23 16:43:10.191 TRACE [http-nio-8081-exec-1] o.s.s.w.a.logout.LogoutFilter - Did not match request to Or [PathPattern [GET /logout], PathPattern [POST /logout], PathPattern [PUT /logout], PathPattern [DELETE /logout]]
2026-08-23 16:43:10.191 TRACE [http-nio-8081-exec-1] o.s.security.web.FilterChainProxy - Invoking BasicAuthenticationFilter (6/11)
2026-08-23 16:43:10.197 TRACE [http-nio-8081-exec-1] o.s.s.w.a.w.BasicAuthenticationFilter - Found username 'testt01021990@gmail.com' in Basic Authorization header
2026-08-23 16:43:10.197 TRACE [http-nio-8081-exec-1] o.s.s.w.c.HttpSessionSecurityContextRepository - No HttpSession currently exists
2026-08-23 16:43:10.197 TRACE [http-nio-8081-exec-1] o.s.s.w.c.SupplierDeferredSecurityContext - Created SecurityContextImpl [Null authentication]
2026-08-23 16:43:10.197 TRACE [http-nio-8081-exec-1] o.s.s.w.c.SupplierDeferredSecurityContext - Created SecurityContextImpl [Null authentication]
2026-08-23 16:43:10.197 TRACE [http-nio-8081-exec-1] o.s.s.authentication.ProviderManager - Authenticating request with DaoAuthenticationProvider (1/1)
2026-08-23 16:43:11.263 DEBUG [http-nio-8081-exec-1] o.s.s.a.d.DaoAuthenticationProvider - Authenticated user
2026-08-23 16:43:11.263 DEBUG [http-nio-8081-exec-1] o.s.s.w.a.w.BasicAuthenticationFilter - Set SecurityContextHolder to UsernamePasswordAuthenticationToken [Principal=com.kafka.microservice_producer.model.User@717f2724, Credentials=[PROTECTED], Authenticated=true, Details=WebAuthenticationDetails [RemoteIpAddress=0:0:0:0:0:0:0:1, SessionId=null], Granted Authorities=[com.kafka.microservice_producer.model.Authorities@3da8952f, FactorGrantedAuthority [authority=FACTOR_PASSWORD, issuedAt=2026-08-23T11:13:11.263266900Z]]]
2026-08-23 16:43:11.263 TRACE [http-nio-8081-exec-1] o.s.security.web.FilterChainProxy - Invoking RequestCacheAwareFilter (7/11)
2026-08-23 16:43:11.263 TRACE [http-nio-8081-exec-1] o.s.s.w.s.HttpSessionRequestCache - matchingRequestParameterName is required for getMatchingRequest to lookup a value, but not provided
2026-08-23 16:43:11.263 TRACE [http-nio-8081-exec-1] o.s.security.web.FilterChainProxy - Invoking SecurityContextHolderAwareRequestFilter (8/11)
2026-08-23 16:43:11.263 TRACE [http-nio-8081-exec-1] o.s.security.web.FilterChainProxy - Invoking AnonymousAuthenticationFilter (9/11)
2026-08-23 16:43:11.267 TRACE [http-nio-8081-exec-1] o.s.security.web.FilterChainProxy - Invoking ExceptionTranslationFilter (10/11)
2026-08-23 16:43:11.267 TRACE [http-nio-8081-exec-1] o.s.security.web.FilterChainProxy - Invoking AuthorizationFilter (11/11)
2026-08-23 16:43:11.267 TRACE [http-nio-8081-exec-1] o.s.s.w.a.i.RequestMatcherDelegatingAuthorizationManager - Authorizing POST /person
2026-08-23 16:43:11.267 TRACE [http-nio-8081-exec-1] o.s.s.w.a.i.RequestMatcherDelegatingAuthorizationManager - Checking authorization on POST /person using AuthorityAuthorizationManager[authorities=[ROLE_ADMIN, ROLE_USER]]
2026-08-23 16:43:11.267 TRACE [http-nio-8081-exec-1] o.s.s.w.a.AnonymousAuthenticationFilter - Did not set SecurityContextHolder since already authenticated UsernamePasswordAuthenticationToken [Principal=com.kafka.microservice_producer.model.User@717f2724, Credentials=[PROTECTED], Authenticated=true, Details=WebAuthenticationDetails [RemoteIpAddress=0:0:0:0:0:0:0:1, SessionId=null], Granted Authorities=[com.kafka.microservice_producer.model.Authorities@3da8952f, FactorGrantedAuthority [authority=FACTOR_PASSWORD, issuedAt=2026-08-23T11:13:11.263266900Z]]]
2026-08-23 16:43:11.267 DEBUG [http-nio-8081-exec-1] o.s.security.web.FilterChainProxy - Secured POST /person
2026-08-23 16:43:11.279 TRACE [http-nio-8081-exec-1] o.s.web.servlet.DispatcherServlet - POST "/person", parameters={}, headers={masked} in DispatcherServlet 'dispatcherServlet'
2026-08-23 16:43:11.282 TRACE [http-nio-8081-exec-1] o.s.w.s.m.m.a.RequestMappingHandlerMapping - Mapped to com.kafka.microservice_producer.controller.PersonResource#insertPersone(PersonDTO)
2026-08-23 16:43:11.441 TRACE [http-nio-8081-exec-1] o.s.w.s.m.m.a.RequestResponseBodyMethodProcessor - Read "application/json;charset=UTF-8" to [com.kafka.microservice_producer.dto.PersonDTO@3f315bd5]
2026-08-23 16:43:11.446 TRACE [http-nio-8081-exec-1] o.s.web.method.HandlerMethod - Arguments: [com.kafka.microservice_producer.dto.PersonDTO@3f315bd5]
2026-08-23 16:43:11.645 INFO  [http-nio-8081-exec-1] o.a.k.common.config.AbstractConfig - ProducerConfig values: 
	acks = -1
	batch.size = 16384
	bootstrap.servers = [localhost:9092]
	buffer.memory = 33554432
	client.dns.lookup = use_all_dns_ips
	client.id = microservice-producer-producer-1
	compression.gzip.level = -1
	compression.lz4.level = 9
	compression.type = none
	compression.zstd.level = 3
	config.providers = []
	connections.max.idle.ms = 540000
	delivery.timeout.ms = 120000
	enable.idempotence = true
	enable.metrics.push = true
	interceptor.classes = []
	key.serializer = class org.apache.kafka.common.serialization.LongSerializer
	linger.ms = 5
	max.block.ms = 60000
	max.in.flight.requests.per.connection = 5
	max.request.size = 1048576
	metadata.max.age.ms = 300000
	metadata.max.idle.ms = 300000
	metadata.recovery.rebootstrap.trigger.ms = 300000
	metadata.recovery.strategy = rebootstrap
	metric.reporters = [org.apache.kafka.common.metrics.JmxReporter]
	metrics.num.samples = 2
	metrics.recording.level = INFO
	metrics.sample.window.ms = 30000
	partitioner.adaptive.partitioning.enable = true
	partitioner.availability.timeout.ms = 0
	partitioner.class = null
	partitioner.ignore.keys = false
	receive.buffer.bytes = 32768
	reconnect.backoff.max.ms = 1000
	reconnect.backoff.ms = 50
	request.timeout.ms = 30000
	retries = 2147483647
	retry.backoff.max.ms = 1000
	retry.backoff.ms = 100
	sasl.client.callback.handler.class = null
	sasl.jaas.config = null
	sasl.kerberos.kinit.cmd = /usr/bin/kinit
	sasl.kerberos.min.time.before.relogin = 60000
	sasl.kerberos.service.name = null
	sasl.kerberos.ticket.renew.jitter = 0.05
	sasl.kerberos.ticket.renew.window.factor = 0.8
	sasl.login.callback.handler.class = null
	sasl.login.class = null
	sasl.login.connect.timeout.ms = null
	sasl.login.read.timeout.ms = null
	sasl.login.refresh.buffer.seconds = 300
	sasl.login.refresh.min.period.seconds = 60
	sasl.login.refresh.window.factor = 0.8
	sasl.login.refresh.window.jitter = 0.05
	sasl.login.retry.backoff.max.ms = 10000
	sasl.login.retry.backoff.ms = 100
	sasl.mechanism = GSSAPI
	sasl.oauthbearer.assertion.algorithm = RS256
	sasl.oauthbearer.assertion.claim.aud = null
	sasl.oauthbearer.assertion.claim.exp.seconds = 300
	sasl.oauthbearer.assertion.claim.iss = null
	sasl.oauthbearer.assertion.claim.jti.include = false
	sasl.oauthbearer.assertion.claim.nbf.seconds = 60
	sasl.oauthbearer.assertion.claim.sub = null
	sasl.oauthbearer.assertion.file = null
	sasl.oauthbearer.assertion.private.key.file = null
	sasl.oauthbearer.assertion.private.key.passphrase = null
	sasl.oauthbearer.assertion.template.file = null
	sasl.oauthbearer.client.credentials.client.id = null
	sasl.oauthbearer.client.credentials.client.secret = null
	sasl.oauthbearer.clock.skew.seconds = 30
	sasl.oauthbearer.expected.audience = []
	sasl.oauthbearer.expected.issuer = null
	sasl.oauthbearer.header.urlencode = false
	sasl.oauthbearer.jwks.endpoint.refresh.ms = 3600000
	sasl.oauthbearer.jwks.endpoint.retry.backoff.max.ms = 10000
	sasl.oauthbearer.jwks.endpoint.retry.backoff.ms = 100
	sasl.oauthbearer.jwks.endpoint.url = null
	sasl.oauthbearer.jwt.retriever.class = class org.apache.kafka.common.security.oauthbearer.DefaultJwtRetriever
	sasl.oauthbearer.jwt.validator.class = class org.apache.kafka.common.security.oauthbearer.DefaultJwtValidator
	sasl.oauthbearer.scope = null
	sasl.oauthbearer.scope.claim.name = scope
	sasl.oauthbearer.sub.claim.name = sub
	sasl.oauthbearer.token.endpoint.url = null
	security.protocol = PLAINTEXT
	security.providers = null
	send.buffer.bytes = 131072
	socket.connection.setup.timeout.max.ms = 30000
	socket.connection.setup.timeout.ms = 10000
	ssl.cipher.suites = []
	ssl.enabled.protocols = [TLSv1.2, TLSv1.3]
	ssl.endpoint.identification.algorithm = https
	ssl.engine.factory.class = null
	ssl.key.password = null
	ssl.keymanager.algorithm = SunX509
	ssl.keystore.certificate.chain = null
	ssl.keystore.key = null
	ssl.keystore.location = null
	ssl.keystore.password = null
	ssl.keystore.type = JKS
	ssl.protocol = TLSv1.3
	ssl.provider = null
	ssl.secure.random.implementation = null
	ssl.trustmanager.algorithm = PKIX
	ssl.truststore.certificates = null
	ssl.truststore.location = null
	ssl.truststore.password = null
	ssl.truststore.type = JKS
	transaction.timeout.ms = 60000
	transaction.two.phase.commit.enable = false
	transactional.id = null
	value.serializer = class org.springframework.kafka.support.serializer.JsonSerializer

2026-08-23 16:43:11.695 INFO  [http-nio-8081-exec-1] o.a.k.c.t.i.KafkaMetricsCollector - initializing Kafka metrics collector
2026-08-23 16:43:11.755 INFO  [http-nio-8081-exec-1] o.a.k.clients.producer.KafkaProducer - [Producer clientId=microservice-producer-producer-1] Instantiated an idempotent producer.
2026-08-23 16:43:11.829 INFO  [http-nio-8081-exec-1] o.a.kafka.common.utils.AppInfoParser - Kafka version: 4.2.1
2026-08-23 16:43:11.829 INFO  [http-nio-8081-exec-1] o.a.kafka.common.utils.AppInfoParser - Kafka commitId: 92f61c44867f39dc
2026-08-23 16:43:11.829 INFO  [http-nio-8081-exec-1] o.a.kafka.common.utils.AppInfoParser - Kafka startTimeMs: 1787483591829
2026-08-23 16:43:12.490 INFO  [kafka-producer-network-thread | microservice-producer-producer-1] org.apache.kafka.clients.Metadata - [Producer clientId=microservice-producer-producer-1] Cluster ID: zMZJNlcGTb62vJDRC71YTw
2026-08-23 16:43:12.494 INFO  [kafka-producer-network-thread | microservice-producer-producer-1] o.a.k.c.p.i.TransactionManager - [Producer clientId=microservice-producer-producer-1] ProducerId set to 3 with epoch 0
2026-08-23 16:43:12.601 DEBUG [http-nio-8081-exec-1] o.s.w.s.m.m.a.RequestResponseBodyMethodProcessor - Using 'application/json', given [*/*] and supported [application/json, application/*+json, application/yaml]
2026-08-23 16:43:12.605 TRACE [http-nio-8081-exec-1] o.s.w.s.m.m.a.RequestResponseBodyMethodProcessor - Writing [com.kafka.microservice_producer.dto.ResponseDTO@24e0533c]
2026-08-23 16:43:12.665 TRACE [http-nio-8081-exec-1] o.s.w.s.m.m.a.RequestMappingHandlerAdapter - Applying default cacheSeconds=-1
2026-08-23 16:43:12.665 TRACE [http-nio-8081-exec-1] o.s.web.servlet.DispatcherServlet - No view rendering, null ModelAndView returned.
2026-08-23 16:43:12.667 DEBUG [http-nio-8081-exec-1] o.s.web.servlet.DispatcherServlet - Completed 200 OK, headers={masked}
2026-08-23 16:43:12.667 TRACE [http-nio-8081-exec-1] o.s.s.w.h.writers.HstsHeaderWriter - Not injecting HSTS header since it did not match request to [Is Secure]
2026-08-23 16:47:09.008 INFO  [RMI TCP Connection(6)-10.59.249.245] o.s.b.a.SpringApplicationAdminMXBeanRegistrar$SpringApplicationAdmin - Application shutdown requested.
2026-08-23 16:47:09.011 INFO  [RMI TCP Connection(6)-10.59.249.245] o.s.boot.tomcat.GracefulShutdown - Commencing graceful shutdown. Waiting for active requests to complete
2026-08-23 16:47:09.012 INFO  [tomcat-shutdown] o.a.coyote.http11.Http11NioProtocol - Pausing ProtocolHandler ["http-nio-8081"]
2026-08-23 16:47:09.051 INFO  [tomcat-shutdown] o.s.boot.tomcat.GracefulShutdown - Graceful shutdown complete
2026-08-23 16:47:09.051 INFO  [RMI TCP Connection(6)-10.59.249.245] o.a.coyote.http11.Http11NioProtocol - Stopping ProtocolHandler ["http-nio-8081"]
2026-08-23 16:47:09.052 INFO  [RMI TCP Connection(6)-10.59.249.245] o.a.k.clients.producer.KafkaProducer - [Producer clientId=microservice-producer-producer-1] Closing the Kafka producer with timeoutMillis = 30000 ms.
2026-08-23 16:47:09.056 INFO  [RMI TCP Connection(6)-10.59.249.245] o.a.kafka.common.metrics.Metrics - Metrics scheduler closed
2026-08-23 16:47:09.056 INFO  [RMI TCP Connection(6)-10.59.249.245] o.a.kafka.common.metrics.Metrics - Closing reporter org.apache.kafka.common.metrics.JmxReporter
2026-08-23 16:47:09.057 INFO  [RMI TCP Connection(6)-10.59.249.245] o.a.kafka.common.metrics.Metrics - Closing reporter org.apache.kafka.common.telemetry.internals.ClientTelemetryReporter
2026-08-23 16:47:09.057 INFO  [RMI TCP Connection(6)-10.59.249.245] o.a.kafka.common.metrics.Metrics - Metrics reporters closed
2026-08-23 16:47:09.058 INFO  [RMI TCP Connection(6)-10.59.249.245] o.a.kafka.common.utils.AppInfoParser - App info kafka.producer for microservice-producer-producer-1 unregistered
2026-08-23 16:47:09.060 INFO  [RMI TCP Connection(6)-10.59.249.245] o.s.o.j.LocalContainerEntityManagerFactoryBean - Closing JPA EntityManagerFactory for persistence unit 'default'
2026-08-23 16:47:09.062 INFO  [RMI TCP Connection(6)-10.59.249.245] com.zaxxer.hikari.HikariDataSource - HikariPool-1 - Shutdown initiated...
2026-08-23 16:47:09.066 INFO  [RMI TCP Connection(6)-10.59.249.245] com.zaxxer.hikari.HikariDataSource - HikariPool-1 - Shutdown completed.
2026-08-23 16:47:29.192 INFO  [main] c.k.m.MicroserviceProducerApplication - Starting MicroserviceProducerApplication using Java 17.0.12 with PID 17880 (D:\Project Development\My-github\spring-boot-microservices-kafka-integration\microservice-producer\target\classes started by Vishnu Katpure in D:\Project Development\My-github\spring-boot-microservices-kafka-integration\microservice-producer)
2026-08-23 16:47:29.194 INFO  [main] c.k.m.MicroserviceProducerApplication - No active profile set, falling back to 1 default profile: "default"
2026-08-23 16:47:29.433 INFO  [background-preinit] o.h.validator.internal.util.Version - HV000001: Hibernate Validator 9.1.0.Final
2026-08-23 16:47:29.712 INFO  [main] o.s.d.r.c.RepositoryConfigurationDelegate - Bootstrapping Spring Data JPA repositories in DEFAULT mode.
2026-08-23 16:47:29.749 INFO  [main] o.s.d.r.c.RepositoryConfigurationDelegate - Finished Spring Data repository scanning in 29 ms. Found 4 JPA repository interfaces.
2026-08-23 16:47:30.174 INFO  [main] o.s.boot.tomcat.TomcatWebServer - Tomcat initialized with port 8081 (http)
2026-08-23 16:47:30.182 INFO  [main] o.a.coyote.http11.Http11NioProtocol - Initializing ProtocolHandler ["http-nio-8081"]
2026-08-23 16:47:30.183 INFO  [main] o.a.catalina.core.StandardService - Starting service [Tomcat]
2026-08-23 16:47:30.183 INFO  [main] o.a.catalina.core.StandardEngine - Starting Servlet engine: [Apache Tomcat/11.0.22]
2026-08-23 16:47:30.222 INFO  [main] o.s.b.w.c.s.WebApplicationContextInitializer - Root WebApplicationContext: initialization completed in 999 ms
2026-08-23 16:47:30.342 INFO  [main] org.hibernate.orm.jpa - HHH008540: Processing PersistenceUnitInfo [name: default]
2026-08-23 16:47:30.376 INFO  [main] org.hibernate.orm.core - HHH000001: Hibernate ORM core version 7.4.1.Final
2026-08-23 16:47:30.613 INFO  [main] o.s.o.j.p.SpringPersistenceUnitInfo - No LoadTimeWeaver setup: ignoring JPA class transformer
2026-08-23 16:47:30.633 INFO  [main] com.zaxxer.hikari.HikariDataSource - HikariPool-1 - Starting...
2026-08-23 16:47:30.724 INFO  [main] com.zaxxer.hikari.pool.HikariPool - HikariPool-1 - Added connection com.mysql.cj.jdbc.ConnectionImpl@3f1fb139
2026-08-23 16:47:30.725 INFO  [main] com.zaxxer.hikari.HikariDataSource - HikariPool-1 - Start completed.
2026-08-23 16:47:30.756 WARN  [main] org.hibernate.orm.deprecation - HHH90000025: MySQLDialect does not need to be specified explicitly using 'hibernate.dialect' (remove the property setting and it will be selected by default)
2026-08-23 16:47:30.768 INFO  [main] o.hibernate.orm.connections.pooling - HHH10001005: Database info:
	Database JDBC URL [jdbc:mysql://localhost:3306/demo?useSSL=false&serverTimezone=UTC]
	Database driver: MySQL Connector/J
	Database dialect: MySQLDialect
	Database version: 8.0.15
	Default catalog/schema: demo/undefined
	Autocommit mode: undefined/unknown
	Isolation level: REPEATABLE_READ [default REPEATABLE_READ]
	JDBC fetch size: none
	Pool: DataSourceConnectionProvider
	Minimum pool size: undefined/unknown
	Maximum pool size: undefined/unknown
2026-08-23 16:47:31.394 INFO  [main] org.hibernate.orm.core - HHH000489: No JTA platform available (set 'hibernate.transaction.jta.platform' to enable JTA platform integration)
2026-08-23 16:47:31.450 INFO  [main] o.s.o.j.LocalContainerEntityManagerFactoryBean - Initialized JPA EntityManagerFactory for persistence unit 'default'
2026-08-23 16:47:31.499 INFO  [main] o.s.d.j.r.q.QueryEnhancerFactories - Hibernate is in classpath; If applicable, HQL parser will be used.
2026-08-23 16:47:31.781 WARN  [main] o.s.b.j.a.JpaBaseConfiguration$JpaWebConfiguration - spring.jpa.open-in-view is enabled by default. Therefore, database queries may be performed during view rendering. Explicitly configure spring.jpa.open-in-view to disable this warning
2026-08-23 16:47:31.838 TRACE [main] o.s.s.c.a.a.c.AuthenticationConfiguration$EnableGlobalAuthenticationAutowiredConfigurer - Eagerly initializing {org.springframework.boot.security.autoconfigure.web.servlet.ServletWebSecurityAutoConfiguration$EnableWebSecurityConfiguration=org.springframework.boot.security.autoconfigure.web.servlet.ServletWebSecurityAutoConfiguration$EnableWebSecurityConfiguration@73ae084e}
2026-08-23 16:47:31.839 INFO  [main] o.s.s.c.a.a.c.InitializeAuthenticationProviderBeanManagerConfigurer$InitializeAuthenticationProviderManagerConfigurer - Global AuthenticationManager configured with AuthenticationProvider bean with name authenticationProvider
2026-08-23 16:47:31.839 WARN  [main] o.s.s.c.a.a.c.InitializeUserDetailsBeanManagerConfigurer$InitializeUserDetailsManagerConfigurer - Global AuthenticationManager configured with an AuthenticationProvider bean. UserDetailsService beans will not be used by Spring Security for automatically configuring username/password login. Consider removing the AuthenticationProvider bean. Alternatively, consider using the UserDetailsService in a manually instantiated DaoAuthenticationProvider. If the current configuration is intentional, to turn off this warning, increase the logging level of 'org.springframework.security.config.annotation.authentication.configuration.InitializeUserDetailsBeanManagerConfigurer' to ERROR
2026-08-23 16:47:31.924 DEBUG [main] o.s.s.web.DefaultSecurityFilterChain - Will secure any request with filters: DisableEncodeUrlFilter, WebAsyncManagerIntegrationFilter, SecurityContextHolderFilter, HeaderWriterFilter, LogoutFilter, BasicAuthenticationFilter, RequestCacheAwareFilter, SecurityContextHolderAwareRequestFilter, AnonymousAuthenticationFilter, ExceptionTranslationFilter, AuthorizationFilter
2026-08-23 16:47:31.976 TRACE [main] o.s.w.s.m.m.a.RequestMappingHandlerMapping - 
	c.k.m.c.l.LoginController:
	{GET [/get-token]}: getToken()
	{GET [/]}: welcomePage()
	{GET [/home]}: homePage()
	{GET [/login]}: loginPage(String,String,HttpServletRequest)
	{GET [/logout]}: logoutPage(HttpServletRequest,HttpServletResponse)
2026-08-23 16:47:31.985 TRACE [main] o.s.w.s.m.m.a.RequestMappingHandlerMapping - 
	c.k.m.c.PersonResource:
	{GET [/person/all]}: getAll()
	{GET [/person/aop/testing/{type}]}: aopTesting(String)
	{DELETE [/person/{id}]}: deletePerson(Long)
	{POST [/person]}: insertPersone(PersonDTO)
	{GET [/person/{id}]}: getAllUsers(Long)
	{PUT [/person]}: updatePerson(PersonDTO)
	{GET [/person/personByName/{name}]}: getPersoneByName(String)
2026-08-23 16:47:31.988 TRACE [main] o.s.w.s.m.m.a.RequestMappingHandlerMapping - 
	c.k.m.c.UserResource:
	{GET [/user-info/{userId}]}: getUser(String)
	{GET [/user-json-meta]}: getUser()
	{POST [/create-user]}: createUser(UserDTO)
2026-08-23 16:47:31.990 TRACE [main] o.s.w.s.m.m.a.RequestMappingHandlerMapping - 
	o.s.b.w.a.e.BasicErrorController:
	{ [/error]}: error(HttpServletRequest)
	{ [/error], produces [text/html]}: errorHtml(HttpServletRequest,HttpServletResponse)
2026-08-23 16:47:32.001 TRACE [main] o.s.w.s.m.m.a.RequestMappingHandlerMapping - 
	o.s.w.a.OpenApiWebMvcResource:
	{GET [/v3/api-docs.yaml], produces [application/vnd.oai.openapi]}: openapiYaml(HttpServletRequest,String,Locale)
	{GET [/v3/api-docs], produces [application/json]}: openapiJson(HttpServletRequest,String,Locale)
2026-08-23 16:47:32.003 TRACE [main] o.s.w.s.m.m.a.RequestMappingHandlerMapping - 
	o.s.w.u.SwaggerWelcomeWebMvc:
	{GET [/swagger-ui.html]}: redirectToUi(HttpServletRequest)
2026-08-23 16:47:32.004 TRACE [main] o.s.w.s.m.m.a.RequestMappingHandlerMapping - 
	o.s.w.u.SwaggerConfigResource:
	{GET [/v3/api-docs/swagger-config], produces [application/json]}: openapiJson(HttpServletRequest)
2026-08-23 16:47:32.005 DEBUG [main] o.s.w.s.m.m.a.RequestMappingHandlerMapping - 21 mappings in 'requestMappingHandlerMapping'
2026-08-23 16:47:32.010 DEBUG [main] o.s.w.s.h.BeanNameUrlHandlerMapping - Detected 0 mappings in 'beanNameHandlerMapping'
2026-08-23 16:47:32.014 TRACE [main] o.s.w.s.f.s.RouterFunctionMapping - 0 RouterFunction(s) in 'routerFunctionMapping'
2026-08-23 16:47:32.025 TRACE [main] o.s.w.s.h.SimpleUrlHandlerMapping - Mapped [/webjars/**] onto ResourceHttpRequestHandler [classpath [META-INF/resources/webjars/]]
2026-08-23 16:47:32.025 TRACE [main] o.s.w.s.h.SimpleUrlHandlerMapping - Mapped [/**] onto ResourceHttpRequestHandler [classpath [META-INF/resources/], classpath [resources/], classpath [static/], classpath [public/], ServletContext [/]]
2026-08-23 16:47:32.026 TRACE [main] o.s.w.s.h.SimpleUrlHandlerMapping - Mapped [/swagger-ui*/*swagger-initializer.js] onto ResourceHttpRequestHandler [classpath [META-INF/resources/webjars/]]
2026-08-23 16:47:32.026 TRACE [main] o.s.w.s.h.SimpleUrlHandlerMapping - Mapped [/swagger-ui*/**] onto ResourceHttpRequestHandler [classpath [META-INF/resources/webjars/]]
2026-08-23 16:47:32.026 DEBUG [main] o.s.w.s.h.SimpleUrlHandlerMapping - Patterns [/webjars/**, /**, /swagger-ui*/*swagger-initializer.js, /swagger-ui*/**] in 'resourceHandlerMapping'
2026-08-23 16:47:32.048 DEBUG [main] o.s.w.s.m.m.a.RequestMappingHandlerAdapter - ControllerAdvice beans: 0 @ModelAttribute, 0 @InitBinder, 2 RequestBodyAdvice, 1 ResponseBodyAdvice
2026-08-23 16:47:32.081 DEBUG [main] o.s.w.s.m.m.a.ExceptionHandlerExceptionResolver - ControllerAdvice beans: 2 @ExceptionHandler, 1 ResponseBodyAdvice
2026-08-23 16:47:32.229 INFO  [main] o.a.coyote.http11.Http11NioProtocol - Starting ProtocolHandler ["http-nio-8081"]
2026-08-23 16:47:32.242 INFO  [main] o.s.boot.tomcat.TomcatWebServer - Tomcat started on port 8081 (http) with context path '/'
2026-08-23 16:47:32.247 INFO  [main] c.k.m.MicroserviceProducerApplication - Started MicroserviceProducerApplication in 3.459 seconds (process running for 3.733)
2026-08-23 16:47:45.423 INFO  [http-nio-8081-exec-2] o.a.c.c.C.[Tomcat].[localhost].[/] - Initializing Spring DispatcherServlet 'dispatcherServlet'
2026-08-23 16:47:45.423 INFO  [http-nio-8081-exec-2] o.s.web.servlet.DispatcherServlet - Initializing Servlet 'dispatcherServlet'
2026-08-23 16:47:45.423 TRACE [http-nio-8081-exec-2] o.s.web.servlet.DispatcherServlet - Detected org.springframework.web.multipart.support.StandardServletMultipartResolver@6efa2e06
2026-08-23 16:47:45.423 TRACE [http-nio-8081-exec-2] o.s.web.servlet.DispatcherServlet - Detected org.springframework.web.servlet.i18n.AcceptHeaderLocaleResolver@4306709f
2026-08-23 16:47:45.423 TRACE [http-nio-8081-exec-2] o.s.web.servlet.DispatcherServlet - Detected DefaultRequestToViewNameTranslator
2026-08-23 16:47:45.423 TRACE [http-nio-8081-exec-2] o.s.web.servlet.DispatcherServlet - Detected SessionFlashMapManager
2026-08-23 16:47:45.439 DEBUG [http-nio-8081-exec-2] o.s.web.servlet.DispatcherServlet - enableLoggingRequestDetails='false': request parameters and headers will be masked to prevent unsafe logging of potentially sensitive data
2026-08-23 16:47:45.439 INFO  [http-nio-8081-exec-2] o.s.web.servlet.DispatcherServlet - Completed initialization in 16 ms
2026-08-23 16:47:45.455 TRACE [http-nio-8081-exec-2] o.s.security.web.FilterChainProxy - Trying to match request against DefaultSecurityFilterChain defined as 'securityFilterChain' in [class path resource [com/kafka/microservice_producer/config/SecurityConfig.class]] matching [any request] and having filters [DisableEncodeUrl, WebAsyncManagerIntegration, SecurityContextHolder, HeaderWriter, Logout, BasicAuthentication, RequestCacheAware, SecurityContextHolderAwareRequest, AnonymousAuthentication, ExceptionTranslation, Authorization] (1/1)
2026-08-23 16:47:45.455 DEBUG [http-nio-8081-exec-2] o.s.security.web.FilterChainProxy - Securing POST /person
2026-08-23 16:47:45.455 TRACE [http-nio-8081-exec-2] o.s.security.web.FilterChainProxy - Invoking DisableEncodeUrlFilter (1/11)
2026-08-23 16:47:45.455 TRACE [http-nio-8081-exec-2] o.s.security.web.FilterChainProxy - Invoking WebAsyncManagerIntegrationFilter (2/11)
2026-08-23 16:47:45.455 TRACE [http-nio-8081-exec-2] o.s.security.web.FilterChainProxy - Invoking SecurityContextHolderFilter (3/11)
2026-08-23 16:47:45.455 TRACE [http-nio-8081-exec-2] o.s.security.web.FilterChainProxy - Invoking HeaderWriterFilter (4/11)
2026-08-23 16:47:45.472 TRACE [http-nio-8081-exec-2] o.s.security.web.FilterChainProxy - Invoking LogoutFilter (5/11)
2026-08-23 16:47:45.472 TRACE [http-nio-8081-exec-2] o.s.s.w.a.logout.LogoutFilter - Did not match request to Or [PathPattern [GET /logout], PathPattern [POST /logout], PathPattern [PUT /logout], PathPattern [DELETE /logout]]
2026-08-23 16:47:45.472 TRACE [http-nio-8081-exec-2] o.s.security.web.FilterChainProxy - Invoking BasicAuthenticationFilter (6/11)
2026-08-23 16:47:45.472 TRACE [http-nio-8081-exec-2] o.s.s.w.a.w.BasicAuthenticationFilter - Found username 'testt01021990@gmail.com' in Basic Authorization header
2026-08-23 16:47:45.472 TRACE [http-nio-8081-exec-2] o.s.s.w.c.HttpSessionSecurityContextRepository - No HttpSession currently exists
2026-08-23 16:47:45.472 TRACE [http-nio-8081-exec-2] o.s.s.w.c.SupplierDeferredSecurityContext - Created SecurityContextImpl [Null authentication]
2026-08-23 16:47:45.472 TRACE [http-nio-8081-exec-2] o.s.s.w.c.SupplierDeferredSecurityContext - Created SecurityContextImpl [Null authentication]
2026-08-23 16:47:45.472 TRACE [http-nio-8081-exec-2] o.s.s.authentication.ProviderManager - Authenticating request with DaoAuthenticationProvider (1/1)
2026-08-23 16:47:46.473 DEBUG [http-nio-8081-exec-2] o.s.s.a.d.DaoAuthenticationProvider - Authenticated user
2026-08-23 16:47:46.473 DEBUG [http-nio-8081-exec-2] o.s.s.w.a.w.BasicAuthenticationFilter - Set SecurityContextHolder to UsernamePasswordAuthenticationToken [Principal=com.kafka.microservice_producer.model.User@3ae31ea8, Credentials=[PROTECTED], Authenticated=true, Details=WebAuthenticationDetails [RemoteIpAddress=0:0:0:0:0:0:0:1, SessionId=null], Granted Authorities=[com.kafka.microservice_producer.model.Authorities@19b6481, FactorGrantedAuthority [authority=FACTOR_PASSWORD, issuedAt=2026-08-23T11:17:46.473138900Z]]]
2026-08-23 16:47:46.473 TRACE [http-nio-8081-exec-2] o.s.security.web.FilterChainProxy - Invoking RequestCacheAwareFilter (7/11)
2026-08-23 16:47:46.473 TRACE [http-nio-8081-exec-2] o.s.s.w.s.HttpSessionRequestCache - matchingRequestParameterName is required for getMatchingRequest to lookup a value, but not provided
2026-08-23 16:47:46.473 TRACE [http-nio-8081-exec-2] o.s.security.web.FilterChainProxy - Invoking SecurityContextHolderAwareRequestFilter (8/11)
2026-08-23 16:47:46.473 TRACE [http-nio-8081-exec-2] o.s.security.web.FilterChainProxy - Invoking AnonymousAuthenticationFilter (9/11)
2026-08-23 16:47:46.473 TRACE [http-nio-8081-exec-2] o.s.security.web.FilterChainProxy - Invoking ExceptionTranslationFilter (10/11)
2026-08-23 16:47:46.473 TRACE [http-nio-8081-exec-2] o.s.security.web.FilterChainProxy - Invoking AuthorizationFilter (11/11)
2026-08-23 16:47:46.488 TRACE [http-nio-8081-exec-2] o.s.s.w.a.i.RequestMatcherDelegatingAuthorizationManager - Authorizing POST /person
2026-08-23 16:47:46.488 TRACE [http-nio-8081-exec-2] o.s.s.w.a.i.RequestMatcherDelegatingAuthorizationManager - Checking authorization on POST /person using AuthorityAuthorizationManager[authorities=[ROLE_ADMIN, ROLE_USER]]
2026-08-23 16:47:46.488 TRACE [http-nio-8081-exec-2] o.s.s.w.a.AnonymousAuthenticationFilter - Did not set SecurityContextHolder since already authenticated UsernamePasswordAuthenticationToken [Principal=com.kafka.microservice_producer.model.User@3ae31ea8, Credentials=[PROTECTED], Authenticated=true, Details=WebAuthenticationDetails [RemoteIpAddress=0:0:0:0:0:0:0:1, SessionId=null], Granted Authorities=[com.kafka.microservice_producer.model.Authorities@19b6481, FactorGrantedAuthority [authority=FACTOR_PASSWORD, issuedAt=2026-08-23T11:17:46.473138900Z]]]
2026-08-23 16:47:46.488 DEBUG [http-nio-8081-exec-2] o.s.security.web.FilterChainProxy - Secured POST /person
2026-08-23 16:47:46.488 TRACE [http-nio-8081-exec-2] o.s.web.servlet.DispatcherServlet - POST "/person", parameters={}, headers={masked} in DispatcherServlet 'dispatcherServlet'
2026-08-23 16:47:46.504 TRACE [http-nio-8081-exec-2] o.s.w.s.m.m.a.RequestMappingHandlerMapping - Mapped to com.kafka.microservice_producer.controller.PersonResource#insertPersone(PersonDTO)
2026-08-23 16:47:46.671 TRACE [http-nio-8081-exec-2] o.s.w.s.m.m.a.RequestResponseBodyMethodProcessor - Read "application/json;charset=UTF-8" to [com.kafka.microservice_producer.dto.PersonDTO@7333db9a]
2026-08-23 16:47:46.687 TRACE [http-nio-8081-exec-2] o.s.web.method.HandlerMethod - Arguments: [com.kafka.microservice_producer.dto.PersonDTO@7333db9a]
2026-08-23 16:47:46.920 INFO  [http-nio-8081-exec-2] o.a.k.common.config.AbstractConfig - ProducerConfig values: 
	acks = -1
	batch.size = 16384
	bootstrap.servers = [localhost:9092]
	buffer.memory = 33554432
	client.dns.lookup = use_all_dns_ips
	client.id = microservice-producer-producer-1
	compression.gzip.level = -1
	compression.lz4.level = 9
	compression.type = none
	compression.zstd.level = 3
	config.providers = []
	connections.max.idle.ms = 540000
	delivery.timeout.ms = 120000
	enable.idempotence = true
	enable.metrics.push = true
	interceptor.classes = []
	key.serializer = class org.apache.kafka.common.serialization.LongSerializer
	linger.ms = 5
	max.block.ms = 60000
	max.in.flight.requests.per.connection = 5
	max.request.size = 1048576
	metadata.max.age.ms = 300000
	metadata.max.idle.ms = 300000
	metadata.recovery.rebootstrap.trigger.ms = 300000
	metadata.recovery.strategy = rebootstrap
	metric.reporters = [org.apache.kafka.common.metrics.JmxReporter]
	metrics.num.samples = 2
	metrics.recording.level = INFO
	metrics.sample.window.ms = 30000
	partitioner.adaptive.partitioning.enable = true
	partitioner.availability.timeout.ms = 0
	partitioner.class = null
	partitioner.ignore.keys = false
	receive.buffer.bytes = 32768
	reconnect.backoff.max.ms = 1000
	reconnect.backoff.ms = 50
	request.timeout.ms = 30000
	retries = 2147483647
	retry.backoff.max.ms = 1000
	retry.backoff.ms = 100
	sasl.client.callback.handler.class = null
	sasl.jaas.config = null
	sasl.kerberos.kinit.cmd = /usr/bin/kinit
	sasl.kerberos.min.time.before.relogin = 60000
	sasl.kerberos.service.name = null
	sasl.kerberos.ticket.renew.jitter = 0.05
	sasl.kerberos.ticket.renew.window.factor = 0.8
	sasl.login.callback.handler.class = null
	sasl.login.class = null
	sasl.login.connect.timeout.ms = null
	sasl.login.read.timeout.ms = null
	sasl.login.refresh.buffer.seconds = 300
	sasl.login.refresh.min.period.seconds = 60
	sasl.login.refresh.window.factor = 0.8
	sasl.login.refresh.window.jitter = 0.05
	sasl.login.retry.backoff.max.ms = 10000
	sasl.login.retry.backoff.ms = 100
	sasl.mechanism = GSSAPI
	sasl.oauthbearer.assertion.algorithm = RS256
	sasl.oauthbearer.assertion.claim.aud = null
	sasl.oauthbearer.assertion.claim.exp.seconds = 300
	sasl.oauthbearer.assertion.claim.iss = null
	sasl.oauthbearer.assertion.claim.jti.include = false
	sasl.oauthbearer.assertion.claim.nbf.seconds = 60
	sasl.oauthbearer.assertion.claim.sub = null
	sasl.oauthbearer.assertion.file = null
	sasl.oauthbearer.assertion.private.key.file = null
	sasl.oauthbearer.assertion.private.key.passphrase = null
	sasl.oauthbearer.assertion.template.file = null
	sasl.oauthbearer.client.credentials.client.id = null
	sasl.oauthbearer.client.credentials.client.secret = null
	sasl.oauthbearer.clock.skew.seconds = 30
	sasl.oauthbearer.expected.audience = []
	sasl.oauthbearer.expected.issuer = null
	sasl.oauthbearer.header.urlencode = false
	sasl.oauthbearer.jwks.endpoint.refresh.ms = 3600000
	sasl.oauthbearer.jwks.endpoint.retry.backoff.max.ms = 10000
	sasl.oauthbearer.jwks.endpoint.retry.backoff.ms = 100
	sasl.oauthbearer.jwks.endpoint.url = null
	sasl.oauthbearer.jwt.retriever.class = class org.apache.kafka.common.security.oauthbearer.DefaultJwtRetriever
	sasl.oauthbearer.jwt.validator.class = class org.apache.kafka.common.security.oauthbearer.DefaultJwtValidator
	sasl.oauthbearer.scope = null
	sasl.oauthbearer.scope.claim.name = scope
	sasl.oauthbearer.sub.claim.name = sub
	sasl.oauthbearer.token.endpoint.url = null
	security.protocol = PLAINTEXT
	security.providers = null
	send.buffer.bytes = 131072
	socket.connection.setup.timeout.max.ms = 30000
	socket.connection.setup.timeout.ms = 10000
	ssl.cipher.suites = []
	ssl.enabled.protocols = [TLSv1.2, TLSv1.3]
	ssl.endpoint.identification.algorithm = https
	ssl.engine.factory.class = null
	ssl.key.password = null
	ssl.keymanager.algorithm = SunX509
	ssl.keystore.certificate.chain = null
	ssl.keystore.key = null
	ssl.keystore.location = null
	ssl.keystore.password = null
	ssl.keystore.type = JKS
	ssl.protocol = TLSv1.3
	ssl.provider = null
	ssl.secure.random.implementation = null
	ssl.trustmanager.algorithm = PKIX
	ssl.truststore.certificates = null
	ssl.truststore.location = null
	ssl.truststore.password = null
	ssl.truststore.type = JKS
	transaction.timeout.ms = 60000
	transaction.two.phase.commit.enable = false
	transactional.id = null
	value.serializer = class org.springframework.kafka.support.serializer.JsonSerializer

2026-08-23 16:47:46.971 INFO  [http-nio-8081-exec-2] o.a.k.c.t.i.KafkaMetricsCollector - initializing Kafka metrics collector
2026-08-23 16:47:47.054 INFO  [http-nio-8081-exec-2] o.a.k.clients.producer.KafkaProducer - [Producer clientId=microservice-producer-producer-1] Instantiated an idempotent producer.
2026-08-23 16:47:47.137 INFO  [http-nio-8081-exec-2] o.a.kafka.common.utils.AppInfoParser - Kafka version: 4.2.1
2026-08-23 16:47:47.137 INFO  [http-nio-8081-exec-2] o.a.kafka.common.utils.AppInfoParser - Kafka commitId: 92f61c44867f39dc
2026-08-23 16:47:47.137 INFO  [http-nio-8081-exec-2] o.a.kafka.common.utils.AppInfoParser - Kafka startTimeMs: 1787483867137
2026-08-23 16:47:47.820 INFO  [kafka-producer-network-thread | microservice-producer-producer-1] org.apache.kafka.clients.Metadata - [Producer clientId=microservice-producer-producer-1] Cluster ID: zMZJNlcGTb62vJDRC71YTw
2026-08-23 16:47:47.836 INFO  [kafka-producer-network-thread | microservice-producer-producer-1] o.a.k.c.p.i.TransactionManager - [Producer clientId=microservice-producer-producer-1] ProducerId set to 4 with epoch 0
2026-08-23 16:47:47.953 DEBUG [http-nio-8081-exec-2] o.s.w.s.m.m.a.RequestResponseBodyMethodProcessor - Using 'application/json', given [*/*] and supported [application/json, application/*+json, application/yaml]
2026-08-23 16:47:47.953 TRACE [http-nio-8081-exec-2] o.s.w.s.m.m.a.RequestResponseBodyMethodProcessor - Writing [com.kafka.microservice_producer.dto.ResponseDTO@38707162]
2026-08-23 16:47:48.019 TRACE [http-nio-8081-exec-2] o.s.w.s.m.m.a.RequestMappingHandlerAdapter - Applying default cacheSeconds=-1
2026-08-23 16:47:48.019 TRACE [http-nio-8081-exec-2] o.s.web.servlet.DispatcherServlet - No view rendering, null ModelAndView returned.
2026-08-23 16:47:48.019 DEBUG [http-nio-8081-exec-2] o.s.web.servlet.DispatcherServlet - Completed 200 OK, headers={masked}
2026-08-23 16:47:48.019 TRACE [http-nio-8081-exec-2] o.s.s.w.h.writers.HstsHeaderWriter - Not injecting HSTS header since it did not match request to [Is Secure]
